INFO:  latexindent version 3.20.1, 2023-01-07, a script to indent .tex files
       latexindent lives here: /usr/share/texlive/texmf-dist/scripts/latexindent/
       Wed May 27 01:06:57 2026
       Filename: preface.tex
INFO:  Processing switches:
       -s|--silent: Silent mode active (you have used either -s or --silent)
       -w|--overwrite: Overwrite mode active, will make a back up before overwriting
       -y|--yaml: YAML settings specified via command line
INFO:  Directory for backup files and indent.log:
       .
INFO:  YAML settings read: defaultSettings.yaml
       Reading defaultSettings.yaml from /usr/share/texlive/texmf-dist/scripts/latexindent/defaultSettings.yaml
INFO:  YAML reading settings
       Home directory is /home/Chiaki
       latexindent.pl didn't find indentconfig.yaml or .indentconfig.yaml
       see all possible locations: https://latexindentpl.readthedocs.io/en/latest/sec-appendices.html#indentconfig-options)
INFO:  -l switch used without filename, will search for the following files in turn:
       localSettings.yaml,latexindent.yaml,.localSettings.yaml,.latexindent.yaml
INFO:  YAML settings read: -l switch
       Multiple localSettings found, separated by commas:
       localSettings.yaml, latexindent.yaml, .localSettings.yaml, .latexindent.yaml
WARN:  yaml file not found: localSettings.yaml not found. Proceeding without it.
WARN:  yaml file not found: latexindent.yaml not found. Proceeding without it.
WARN:  yaml file not found: .localSettings.yaml not found. Proceeding without it.
WARN:  yaml file not found: .latexindent.yaml not found. Proceeding without it.
INFO:  YAML settings read: -y switch
       YAML setting: backup:0
       Updating mainSettings with backup: 0
INFO:  Backup procedure (-w flag active):
       ./preface.bak0 already exists, incrementing by 1... (see maxNumberOfBackUps and onlyOneBackUp)
       ./preface.bak1 already exists, incrementing by 1... (see maxNumberOfBackUps and onlyOneBackUp)
       ./preface.bak2 already exists, incrementing by 1... (see maxNumberOfBackUps and onlyOneBackUp)
       ./preface.bak3 already exists, incrementing by 1... (see maxNumberOfBackUps and onlyOneBackUp)
       ./preface.bak4 already exists, incrementing by 1... (see maxNumberOfBackUps and onlyOneBackUp)
       ./preface.bak5 already exists, incrementing by 1... (see maxNumberOfBackUps and onlyOneBackUp)
       ./preface.bak6 already exists, incrementing by 1... (see maxNumberOfBackUps and onlyOneBackUp)
       ./preface.bak7 already exists, incrementing by 1... (see maxNumberOfBackUps and onlyOneBackUp)
       ./preface.bak8 already exists, incrementing by 1... (see maxNumberOfBackUps and onlyOneBackUp)
       ./preface.bak9 already exists, incrementing by 1... (see maxNumberOfBackUps and onlyOneBackUp)
       ./preface.bak10 already exists, incrementing by 1... (see maxNumberOfBackUps and onlyOneBackUp)
       ./preface.bak11 already exists, incrementing by 1... (see maxNumberOfBackUps and onlyOneBackUp)
       ./preface.bak12 already exists, incrementing by 1... (see maxNumberOfBackUps and onlyOneBackUp)
       ./preface.bak13 already exists, incrementing by 1... (see maxNumberOfBackUps and onlyOneBackUp)
       ./preface.bak14 already exists, incrementing by 1... (see maxNumberOfBackUps and onlyOneBackUp)
       ./preface.bak15 already exists, incrementing by 1... (see maxNumberOfBackUps and onlyOneBackUp)
       ./preface.bak16 already exists, incrementing by 1... (see maxNumberOfBackUps and onlyOneBackUp)
       ./preface.bak17 already exists, incrementing by 1... (see maxNumberOfBackUps and onlyOneBackUp)
       ./preface.bak18 already exists, incrementing by 1... (see maxNumberOfBackUps and onlyOneBackUp)
       ./preface.bak19 already exists, incrementing by 1... (see maxNumberOfBackUps and onlyOneBackUp)
       ./preface.bak20 already exists, incrementing by 1... (see maxNumberOfBackUps and onlyOneBackUp)
       ./preface.bak21 already exists, incrementing by 1... (see maxNumberOfBackUps and onlyOneBackUp)
       ./preface.bak22 already exists, incrementing by 1... (see maxNumberOfBackUps and onlyOneBackUp)
       ./preface.bak23 already exists, incrementing by 1... (see maxNumberOfBackUps and onlyOneBackUp)
       ./preface.bak24 already exists, incrementing by 1... (see maxNumberOfBackUps and onlyOneBackUp)
       ./preface.bak25 already exists, incrementing by 1... (see maxNumberOfBackUps and onlyOneBackUp)
       ./preface.bak26 already exists, incrementing by 1... (see maxNumberOfBackUps and onlyOneBackUp)
       ./preface.bak27 already exists, incrementing by 1... (see maxNumberOfBackUps and onlyOneBackUp)
       ./preface.bak28 already exists, incrementing by 1... (see maxNumberOfBackUps and onlyOneBackUp)
       ./preface.bak29 already exists, incrementing by 1... (see maxNumberOfBackUps and onlyOneBackUp)
       ./preface.bak30 already exists, incrementing by 1... (see maxNumberOfBackUps and onlyOneBackUp)
       ./preface.bak31 already exists, incrementing by 1... (see maxNumberOfBackUps and onlyOneBackUp)
       ./preface.bak32 already exists, incrementing by 1... (see maxNumberOfBackUps and onlyOneBackUp)
       ./preface.bak33 already exists, incrementing by 1... (see maxNumberOfBackUps and onlyOneBackUp)
       copying preface.tex to ./preface.bak34
       Backup file: ./preface.bak34
       preface.tex will be overwritten after indentation
INFO:  Phase 1: searching for objects
INFO:  Phase 2: finding surrounding indentation
INFO:  Phase 3: indenting objects
INFO:  Phase 4: final indentation check
INFO:  Output routine:
       Overwriting file preface.tex
       --------------
INFO:  Please direct all communication/issues to:
        https://github.com/cmhughes/latexindent.pl
