This is pdfTeX, Version 3.141592653-2.6-1.40.24 (TeX Live 2022/Debian) (preloaded format=pdflatex 2025.3.3)  26 MAY 2026 21:39
entering extended mode
 restricted \write18 enabled.
 file:line:error style messages enabled.
 %&-line parsing enabled.
**phyai.tex
(./phyai.tex
LaTeX2e <2022-11-01> patch level 1
L3 programming layer <2023-01-16> (/usr/share/texlive/texmf-dist/tex/latex/base/report.cls
Document Class: report 2022/07/02 v1.4n Standard LaTeX document class
(/usr/share/texlive/texmf-dist/tex/latex/base/size12.clo
File: size12.clo 2022/07/02 v1.4n Standard LaTeX file (size option)
)
\c@part=\count185
\c@chapter=\count186
\c@section=\count187
\c@subsection=\count188
\c@subsubsection=\count189
\c@paragraph=\count190
\c@subparagraph=\count191
\c@figure=\count192
\c@table=\count193
\abovecaptionskip=\skip48
\belowcaptionskip=\skip49
\bibindent=\dimen140
) (/usr/share/texlive/texmf-dist/tex/latex/base/inputenc.sty
Package: inputenc 2021/02/14 v1.3d Input encoding file
\inpenc@prehook=\toks16
\inpenc@posthook=\toks17
) (/usr/share/texlive/texmf-dist/tex/latex/graphics/graphicx.sty
Package: graphicx 2021/09/16 v1.2d Enhanced LaTeX Graphics (DPC,SPQR)
 (/usr/share/texlive/texmf-dist/tex/latex/graphics/keyval.sty
Package: keyval 2022/05/29 v1.15 key=value parser (DPC)
\KV@toks@=\toks18
) (/usr/share/texlive/texmf-dist/tex/latex/graphics/graphics.sty
Package: graphics 2022/03/10 v1.4e Standard LaTeX Graphics (DPC,SPQR)
 (/usr/share/texlive/texmf-dist/tex/latex/graphics/trig.sty
Package: trig 2021/08/11 v1.11 sin cos tan (DPC)
) (/usr/share/texlive/texmf-dist/tex/latex/graphics-cfg/graphics.cfg
File: graphics.cfg 2016/06/04 v1.11 sample graphics configuration
)
Package graphics Info: Driver file: pdftex.def on input line 107.
 (/usr/share/texlive/texmf-dist/tex/latex/graphics-def/pdftex.def
File: pdftex.def 2022/09/22 v1.2b Graphics/color driver for pdftex
))
\Gin@req@height=\dimen141
\Gin@req@width=\dimen142
) (/usr/share/texlive/texmf-dist/tex/latex/geometry/geometry.sty
Package: geometry 2020/01/02 v5.9 Page Geometry
 (/usr/share/texlive/texmf-dist/tex/generic/iftex/ifvtex.sty
Package: ifvtex 2019/10/25 v1.7 ifvtex legacy package. Use iftex instead.
 (/usr/share/texlive/texmf-dist/tex/generic/iftex/iftex.sty
Package: iftex 2022/02/03 v1.0f TeX engine tests
))
\Gm@cnth=\count194
\Gm@cntv=\count195
\c@Gm@tempcnt=\count196
\Gm@bindingoffset=\dimen143
\Gm@wd@mp=\dimen144
\Gm@odd@mp=\dimen145
\Gm@even@mp=\dimen146
\Gm@layoutwidth=\dimen147
\Gm@layoutheight=\dimen148
\Gm@layouthoffset=\dimen149
\Gm@layoutvoffset=\dimen150
\Gm@dimlist=\toks19
) (/usr/share/texlive/texmf-dist/tex/latex/blindtext/blindtext.sty
Package: blindtext 2012/01/06 V2.0 blindtext-Package
 (/usr/share/texlive/texmf-dist/tex/latex/tools/xspace.sty
Package: xspace 2014/10/28 v1.13 Space after command names (DPC,MH)
)
\c@blindtext=\count197
\c@Blindtext=\count198
\c@blind@countparstart=\count199
\blind@countxx=\count266
\blindtext@numBlindtext=\count267
\blind@countyy=\count268
\c@blindlist=\count269
\c@blindlistlevel=\count270
\c@blindlist@level=\count271
\blind@listitem=\count272
\c@blind@listcount=\count273
\c@blind@levelcount=\count274
\blind@mathformula=\count275
\blind@Mathformula=\count276
\c@blind@randomcount=\count277
\c@blind@randommax=\count278
\c@blind@pangramcount=\count279
\c@blind@pangrammax=\count280
) (/usr/share/texlive/texmf-dist/tex/latex/algorithms/algorithm.sty
Package: algorithm 2009/08/24 v0.1 Document Style `algorithm' - floating environment
 (/usr/share/texlive/texmf-dist/tex/latex/float/float.sty
Package: float 2001/11/08 v1.3d Float enhancements (AL)
\c@float@type=\count281
\float@exts=\toks20
\float@box=\box51
\@float@everytoks=\toks21
\@floatcapt=\box52
) (/usr/share/texlive/texmf-dist/tex/latex/base/ifthen.sty
Package: ifthen 2022/04/13 v1.1d Standard LaTeX ifthen package (DPC)
)
\@float@every@algorithm=\toks22
\c@algorithm=\count282
) (/usr/share/texlive/texmf-dist/tex/latex/algpseudocodex/algpseudocodex.sty
Package: algpseudocodex 2022-10-07 v1.0.2 pseudocode typesetting
 (/usr/share/texlive/texmf-dist/tex/latex/kvoptions/kvoptions.sty
Package: kvoptions 2022-06-15 v3.15 Key value format for package options (HO)
 (/usr/share/texlive/texmf-dist/tex/generic/ltxcmds/ltxcmds.sty
Package: ltxcmds 2020-05-10 v1.25 LaTeX kernel commands for general use (HO)
) (/usr/share/texlive/texmf-dist/tex/latex/kvsetkeys/kvsetkeys.sty
Package: kvsetkeys 2022-10-05 v1.19 Key value parser (HO)
)) (/usr/share/texlive/texmf-dist/tex/latex/algorithmicx/algorithmicx.sty
Package: algorithmicx 2005/04/27 v1.2 Algorithmicx

Document Style algorithmicx 1.2 - a greatly improved `algorithmic' style
\c@ALG@line=\count283
\c@ALG@rem=\count284
\c@ALG@nested=\count285
\ALG@tlm=\skip50
\ALG@thistlm=\skip51
\c@ALG@Lnr=\count286
\c@ALG@blocknr=\count287
\c@ALG@storecount=\count288
\c@ALG@tmpcounter=\count289
\ALG@tmplength=\skip52
) (/usr/share/texlive/texmf-dist/tex/latex/etoolbox/etoolbox.sty
Package: etoolbox 2020/10/05 v2.5k e-TeX tools for LaTeX (JAW)
\etb@tempcnta=\count290
) (/usr/share/texlive/texmf-dist/tex/latex/fifo-stack/fifo-stack.sty
Package: fifo-stack 2014/03/24 v1.0 Multi-FIFO/stack system
\tmp@fifo@stack@top=\count291
\tmp@fifo@stack@bottom=\count292
\tmp@fifo@stack@size=\count293
) (/usr/share/texlive/texmf-dist/tex/latex/varwidth/varwidth.sty
Package: varwidth 2009/03/30 ver 0.92;  Variable-width minipages
\@vwid@box=\box53
\sift@deathcycles=\count294
\@vwid@loff=\dimen151
\@vwid@roff=\dimen152
) (/usr/share/texlive/texmf-dist/tex/latex/tabto-ltx/tabto.sty
Package: tabto 2018/12/28  v 1.4  Another tabbing mechanism
\CurrentLineWidth=\dimen153
\TabPrevPos=\dimen154
) (/usr/share/texlive/texmf-dist/tex/latex/pgf/frontendlayer/tikz.sty (/usr/share/texlive/texmf-dist/tex/latex/pgf/basiclayer/pgf.sty (/usr/share/texlive/texmf-dist/tex/latex/pgf/utilities/pgfrcs.sty (/usr/share/texlive/texmf-dist/tex/generic/pgf/utilities/pgfutil-common.tex
\pgfutil@everybye=\toks23
\pgfutil@tempdima=\dimen155
\pgfutil@tempdimb=\dimen156
) (/usr/share/texlive/texmf-dist/tex/generic/pgf/utilities/pgfutil-latex.def
\pgfutil@abb=\box54
) (/usr/share/texlive/texmf-dist/tex/generic/pgf/utilities/pgfrcs.code.tex (/usr/share/texlive/texmf-dist/tex/generic/pgf/pgf.revision.tex)
Package: pgfrcs 2023-01-15 v3.1.10 (3.1.10)
))
Package: pgf 2023-01-15 v3.1.10 (3.1.10)
 (/usr/share/texlive/texmf-dist/tex/latex/pgf/basiclayer/pgfcore.sty (/usr/share/texlive/texmf-dist/tex/latex/pgf/systemlayer/pgfsys.sty (/usr/share/texlive/texmf-dist/tex/generic/pgf/systemlayer/pgfsys.code.tex
Package: pgfsys 2023-01-15 v3.1.10 (3.1.10)
 (/usr/share/texlive/texmf-dist/tex/generic/pgf/utilities/pgfkeys.code.tex
\pgfkeys@pathtoks=\toks24
\pgfkeys@temptoks=\toks25
 (/usr/share/texlive/texmf-dist/tex/generic/pgf/utilities/pgfkeyslibraryfiltered.code.tex
\pgfkeys@tmptoks=\toks26
))
\pgf@x=\dimen157
\pgf@y=\dimen158
\pgf@xa=\dimen159
\pgf@ya=\dimen160
\pgf@xb=\dimen161
\pgf@yb=\dimen162
\pgf@xc=\dimen163
\pgf@yc=\dimen164
\pgf@xd=\dimen165
\pgf@yd=\dimen166
\w@pgf@writea=\write3
\r@pgf@reada=\read2
\c@pgf@counta=\count295
\c@pgf@countb=\count296
\c@pgf@countc=\count297
\c@pgf@countd=\count298
\t@pgf@toka=\toks27
\t@pgf@tokb=\toks28
\t@pgf@tokc=\toks29
\pgf@sys@id@count=\count299
 (/usr/share/texlive/texmf-dist/tex/generic/pgf/systemlayer/pgf.cfg
File: pgf.cfg 2023-01-15 v3.1.10 (3.1.10)
)
Driver file for pgf: pgfsys-pdftex.def
 (/usr/share/texlive/texmf-dist/tex/generic/pgf/systemlayer/pgfsys-pdftex.def
File: pgfsys-pdftex.def 2023-01-15 v3.1.10 (3.1.10)
 (/usr/share/texlive/texmf-dist/tex/generic/pgf/systemlayer/pgfsys-common-pdf.def
File: pgfsys-common-pdf.def 2023-01-15 v3.1.10 (3.1.10)
))) (/usr/share/texlive/texmf-dist/tex/generic/pgf/systemlayer/pgfsyssoftpath.code.tex
File: pgfsyssoftpath.code.tex 2023-01-15 v3.1.10 (3.1.10)
\pgfsyssoftpath@smallbuffer@items=\count300
\pgfsyssoftpath@bigbuffer@items=\count301
) (/usr/share/texlive/texmf-dist/tex/generic/pgf/systemlayer/pgfsysprotocol.code.tex
File: pgfsysprotocol.code.tex 2023-01-15 v3.1.10 (3.1.10)
)) (/usr/share/texlive/texmf-dist/tex/latex/xcolor/xcolor.sty
Package: xcolor 2022/06/12 v2.14 LaTeX color extensions (UK)
 (/usr/share/texlive/texmf-dist/tex/latex/graphics-cfg/color.cfg
File: color.cfg 2016/01/02 v1.6 sample color configuration
)
Package xcolor Info: Driver file: pdftex.def on input line 227.
 (/usr/share/texlive/texmf-dist/tex/latex/graphics/mathcolor.ltx)
Package xcolor Info: Model `cmy' substituted by `cmy0' on input line 1353.
Package xcolor Info: Model `hsb' substituted by `rgb' on input line 1357.
Package xcolor Info: Model `RGB' extended on input line 1369.
Package xcolor Info: Model `HTML' substituted by `rgb' on input line 1371.
Package xcolor Info: Model `Hsb' substituted by `hsb' on input line 1372.
Package xcolor Info: Model `tHsb' substituted by `hsb' on input line 1373.
Package xcolor Info: Model `HSB' substituted by `hsb' on input line 1374.
Package xcolor Info: Model `Gray' substituted by `gray' on input line 1375.
Package xcolor Info: Model `wave' substituted by `hsb' on input line 1376.
) (/usr/share/texlive/texmf-dist/tex/generic/pgf/basiclayer/pgfcore.code.tex
Package: pgfcore 2023-01-15 v3.1.10 (3.1.10)
 (/usr/share/texlive/texmf-dist/tex/generic/pgf/math/pgfmath.code.tex (/usr/share/texlive/texmf-dist/tex/generic/pgf/math/pgfmathutil.code.tex)
(/usr/share/texlive/texmf-dist/tex/generic/pgf/math/pgfmathparser.code.tex
\pgfmath@dimen=\dimen167
\pgfmath@count=\count302
\pgfmath@box=\box55
\pgfmath@toks=\toks30
\pgfmath@stack@operand=\toks31
\pgfmath@stack@operation=\toks32
) (/usr/share/texlive/texmf-dist/tex/generic/pgf/math/pgfmathfunctions.code.tex) (/usr/share/texlive/texmf-dist/tex/generic/pgf/math/pgfmathfunctions.basic.code.tex) (/usr/share/texlive/texmf-dist/tex/generic/pgf/math/pgfmathfunctions.trigonometric.code.tex) (/usr/share/texlive/texmf-dist/tex/generic/pgf/math/pgfmathfunctions.random.code.tex) (/usr/share/texlive/texmf-dist/tex/generic/pgf/math/pgfmathfunctions.comparison.code.tex) (/usr/share/texlive/texmf-dist/tex/generic/pgf/math/pgfmathfunctions.base.code.tex) (/usr/share/texlive/texmf-dist/tex/generic/pgf/math/pgfmathfunctions.round.code.tex) (/usr/share/texlive/texmf-dist/tex/generic/pgf/math/pgfmathfunctions.misc.code.tex) (/usr/share/texlive/texmf-dist/tex/generic/pgf/math/pgfmathfunctions.integerarithmetics.code.tex) (/usr/share/texlive/texmf-dist/tex/generic/pgf/math/pgfmathcalc.code.tex) (/usr/share/texlive/texmf-dist/tex/generic/pgf/math/pgfmathfloat.code.tex
\c@pgfmathroundto@lastzeros=\count303
)) (/usr/share/texlive/texmf-dist/tex/generic/pgf/math/pgfint.code.tex) (/usr/share/texlive/texmf-dist/tex/generic/pgf/basiclayer/pgfcorepoints.code.tex
File: pgfcorepoints.code.tex 2023-01-15 v3.1.10 (3.1.10)
\pgf@picminx=\dimen168
\pgf@picmaxx=\dimen169
\pgf@picminy=\dimen170
\pgf@picmaxy=\dimen171
\pgf@pathminx=\dimen172
\pgf@pathmaxx=\dimen173
\pgf@pathminy=\dimen174
\pgf@pathmaxy=\dimen175
\pgf@xx=\dimen176
\pgf@xy=\dimen177
\pgf@yx=\dimen178
\pgf@yy=\dimen179
\pgf@zx=\dimen180
\pgf@zy=\dimen181
) (/usr/share/texlive/texmf-dist/tex/generic/pgf/basiclayer/pgfcorepathconstruct.code.tex
File: pgfcorepathconstruct.code.tex 2023-01-15 v3.1.10 (3.1.10)
\pgf@path@lastx=\dimen182
\pgf@path@lasty=\dimen183
) (/usr/share/texlive/texmf-dist/tex/generic/pgf/basiclayer/pgfcorepathusage.code.tex
File: pgfcorepathusage.code.tex 2023-01-15 v3.1.10 (3.1.10)
\pgf@shorten@end@additional=\dimen184
\pgf@shorten@start@additional=\dimen185
) (/usr/share/texlive/texmf-dist/tex/generic/pgf/basiclayer/pgfcorescopes.code.tex
File: pgfcorescopes.code.tex 2023-01-15 v3.1.10 (3.1.10)
\pgfpic=\box56
\pgf@hbox=\box57
\pgf@layerbox@main=\box58
\pgf@picture@serial@count=\count304
) (/usr/share/texlive/texmf-dist/tex/generic/pgf/basiclayer/pgfcoregraphicstate.code.tex
File: pgfcoregraphicstate.code.tex 2023-01-15 v3.1.10 (3.1.10)
\pgflinewidth=\dimen186
) (/usr/share/texlive/texmf-dist/tex/generic/pgf/basiclayer/pgfcoretransformations.code.tex
File: pgfcoretransformations.code.tex 2023-01-15 v3.1.10 (3.1.10)
\pgf@pt@x=\dimen187
\pgf@pt@y=\dimen188
\pgf@pt@temp=\dimen189
) (/usr/share/texlive/texmf-dist/tex/generic/pgf/basiclayer/pgfcorequick.code.tex
File: pgfcorequick.code.tex 2023-01-15 v3.1.10 (3.1.10)
) (/usr/share/texlive/texmf-dist/tex/generic/pgf/basiclayer/pgfcoreobjects.code.tex
File: pgfcoreobjects.code.tex 2023-01-15 v3.1.10 (3.1.10)
) (/usr/share/texlive/texmf-dist/tex/generic/pgf/basiclayer/pgfcorepathprocessing.code.tex
File: pgfcorepathprocessing.code.tex 2023-01-15 v3.1.10 (3.1.10)
) (/usr/share/texlive/texmf-dist/tex/generic/pgf/basiclayer/pgfcorearrows.code.tex
File: pgfcorearrows.code.tex 2023-01-15 v3.1.10 (3.1.10)
\pgfarrowsep=\dimen190
)
(/usr/share/texlive/texmf-dist/tex/generic/pgf/basiclayer/pgfcoreshade.code.tex
File: pgfcoreshade.code.tex 2023-01-15 v3.1.10 (3.1.10)
\pgf@max=\dimen191
\pgf@sys@shading@range@num=\count305
\pgf@shadingcount=\count306
) (/usr/share/texlive/texmf-dist/tex/generic/pgf/basiclayer/pgfcoreimage.code.tex
File: pgfcoreimage.code.tex 2023-01-15 v3.1.10 (3.1.10)
) (/usr/share/texlive/texmf-dist/tex/generic/pgf/basiclayer/pgfcoreexternal.code.tex
File: pgfcoreexternal.code.tex 2023-01-15 v3.1.10 (3.1.10)
\pgfexternal@startupbox=\box59
) (/usr/share/texlive/texmf-dist/tex/generic/pgf/basiclayer/pgfcorelayers.code.tex
File: pgfcorelayers.code.tex 2023-01-15 v3.1.10 (3.1.10)
) (/usr/share/texlive/texmf-dist/tex/generic/pgf/basiclayer/pgfcoretransparency.code.tex
File: pgfcoretransparency.code.tex 2023-01-15 v3.1.10 (3.1.10)
) (/usr/share/texlive/texmf-dist/tex/generic/pgf/basiclayer/pgfcorepatterns.code.tex
File: pgfcorepatterns.code.tex 2023-01-15 v3.1.10 (3.1.10)
) (/usr/share/texlive/texmf-dist/tex/generic/pgf/basiclayer/pgfcorerdf.code.tex
File: pgfcorerdf.code.tex 2023-01-15 v3.1.10 (3.1.10)
))) (/usr/share/texlive/texmf-dist/tex/generic/pgf/modules/pgfmoduleshapes.code.tex
File: pgfmoduleshapes.code.tex 2023-01-15 v3.1.10 (3.1.10)
\pgfnodeparttextbox=\box60
) (/usr/share/texlive/texmf-dist/tex/generic/pgf/modules/pgfmoduleplot.code.tex
File: pgfmoduleplot.code.tex 2023-01-15 v3.1.10 (3.1.10)
) (/usr/share/texlive/texmf-dist/tex/latex/pgf/compatibility/pgfcomp-version-0-65.sty
Package: pgfcomp-version-0-65 2023-01-15 v3.1.10 (3.1.10)
\pgf@nodesepstart=\dimen192
\pgf@nodesepend=\dimen193
) (/usr/share/texlive/texmf-dist/tex/latex/pgf/compatibility/pgfcomp-version-1-18.sty
Package: pgfcomp-version-1-18 2023-01-15 v3.1.10 (3.1.10)
)) (/usr/share/texlive/texmf-dist/tex/latex/pgf/utilities/pgffor.sty (/usr/share/texlive/texmf-dist/tex/latex/pgf/utilities/pgfkeys.sty (/usr/share/texlive/texmf-dist/tex/generic/pgf/utilities/pgfkeys.code.tex)) (/usr/share/texlive/texmf-dist/tex/latex/pgf/math/pgfmath.sty (/usr/share/texlive/texmf-dist/tex/generic/pgf/math/pgfmath.code.tex)) (/usr/share/texlive/texmf-dist/tex/generic/pgf/utilities/pgffor.code.tex
Package: pgffor 2023-01-15 v3.1.10 (3.1.10)
\pgffor@iter=\dimen194
\pgffor@skip=\dimen195
\pgffor@stack=\toks33
\pgffor@toks=\toks34
)) (/usr/share/texlive/texmf-dist/tex/generic/pgf/frontendlayer/tikz/tikz.code.tex
Package: tikz 2023-01-15 v3.1.10 (3.1.10)
 (/usr/share/texlive/texmf-dist/tex/generic/pgf/libraries/pgflibraryplothandlers.code.tex
File: pgflibraryplothandlers.code.tex 2023-01-15 v3.1.10 (3.1.10)
\pgf@plot@mark@count=\count307
\pgfplotmarksize=\dimen196
)
\tikz@lastx=\dimen197
\tikz@lasty=\dimen198
\tikz@lastxsaved=\dimen199
\tikz@lastysaved=\dimen256
\tikz@lastmovetox=\dimen257
\tikz@lastmovetoy=\dimen258
\tikzleveldistance=\dimen259
\tikzsiblingdistance=\dimen260
\tikz@figbox=\box61
\tikz@figbox@bg=\box62
\tikz@tempbox=\box63
\tikz@tempbox@bg=\box64
\tikztreelevel=\count308
\tikznumberofchildren=\count309
\tikznumberofcurrentchild=\count310
\tikz@fig@count=\count311
 (/usr/share/texlive/texmf-dist/tex/generic/pgf/modules/pgfmodulematrix.code.tex
File: pgfmodulematrix.code.tex 2023-01-15 v3.1.10 (3.1.10)
\pgfmatrixcurrentrow=\count312
\pgfmatrixcurrentcolumn=\count313
\pgf@matrix@numberofcolumns=\count314
)
\tikz@expandcount=\count315
 (/usr/share/texlive/texmf-dist/tex/generic/pgf/frontendlayer/tikz/libraries/tikzlibrarytopaths.code.tex
File: tikzlibrarytopaths.code.tex 2023-01-15 v3.1.10 (3.1.10)
))) (/usr/share/texlive/texmf-dist/tex/generic/pgf/frontendlayer/tikz/libraries/tikzlibrarycalc.code.tex
File: tikzlibrarycalc.code.tex 2023-01-15 v3.1.10 (3.1.10)
) (/usr/share/texlive/texmf-dist/tex/generic/pgf/frontendlayer/tikz/libraries/tikzlibraryfit.code.tex
File: tikzlibraryfit.code.tex 2023-01-15 v3.1.10 (3.1.10)
) (/usr/share/texlive/texmf-dist/tex/latex/tikzmark/tikzlibrarytikzmark.code.tex
File: tikzlibrarytikzmark.code.tex 2022/08/24 v1.15 TikZ library for marking positions in a document

(/usr/share/texlive/texmf-dist/tex/latex/l3kernel/expl3.sty
Package: expl3 2023-01-16 L3 programming layer (loader) 
 (/usr/share/texlive/texmf-dist/tex/latex/l3backend/l3backend-pdftex.def
File: l3backend-pdftex.def 2023-01-16 L3 backend support: PDF output (pdfTeX)
\l__color_backend_stack_int=\count316
\l__pdf_internal_box=\box65
)) (/usr/share/texlive/texmf-dist/tex/latex/l3packages/l3keys2e/l3keys2e.sty
Package: l3keys2e 2023-01-16 LaTeX2e option processing using LaTeX3 keys
) (/usr/share/texlive/texmf-dist/tex/latex/l3packages/xparse/xparse.sty
Package: xparse 2023-01-16 L3 Experimental document command parser
)
\l__sn_x_dim=\dimen261
\l__sn_y_dim=\dimen262
\l__sn_xa_dim=\dimen263
\l__sn_ya_dim=\dimen264
)
\algpx@codeBoxInnerSep=\skip53
\algpx@codeBoxSep=\skip54
\algpx@codeBoxOuterSep=\skip55
\algpx@minIndDist=\skip56
\algpx@oldPos=\skip57
\algpx@newPos=\skip58
\algpx@tmpLen=\skip59
\algpx@tmpLenA=\skip60
\algpx@indStartY=\skip61
\algpx@indEndY=\skip62
\algpx@indStartX=\skip63
\c@algpx@codeBoxCount=\count317
\c@algpx@nestedCBoxCount=\count318
\c@algpx@startedBoxesCount=\count319
\c@algpx@endedBoxesCount=\count320
\c@algpx@nestedBoxedStringCount=\count321
\c@algpx@nestedBoxedStringMaxCount=\count322
\c@algpx@indentCount=\count323
\c@algpx@justUsedIndentCount=\count324
\algpx@boxedStringBox=\box66
) (/usr/share/texlive/texmf-dist/tex/latex/algorithms/algorithmic.sty
Package: algorithmic 2009/08/24 v0.1 Document Style `algorithmic'
\c@ALC@unique=\count325
\c@ALC@line=\count326
\c@ALC@rem=\count327
\c@ALC@depth=\count328
\ALC@tlm=\skip64


/usr/share/texlive/texmf-dist/tex/latex/algorithms/algorithmic.sty:51: LaTeX Error: Command \algorithmicindent already defined.
               Or name \end... illegal, see p.192 of the manual.

See the LaTeX manual or LaTeX Companion for explanation.
Type  H <return>  for immediate help.
 ...                                              
                                                  
l.51 \newlength{\algorithmicindent}
                                   
Your command was ignored.
Type  I <command> <return>  to replace it with another command,
or  <return>  to continue without it.


/usr/share/texlive/texmf-dist/tex/latex/algorithms/algorithmic.sty:52: LaTeX Error: Missing \begin{document}.

See the LaTeX manual or LaTeX Companion for explanation.
Type  H <return>  for immediate help.
 ...                                              
                                                  
l.52 \setlength{\algorithmicindent}{0pt}
                                        
You're in trouble here.  Try typing  <return>  to proceed.
If that doesn't work, type  X <return>  to quit.


/usr/share/texlive/texmf-dist/tex/latex/algorithms/algorithmic.sty:66: LaTeX Error: Command \algorithmicrequire already defined.
               Or name \end... illegal, see p.192 of the manual.

See the LaTeX manual or LaTeX Companion for explanation.
Type  H <return>  for immediate help.
 ...                                              
                                                  
l.66 ...nd{\algorithmicrequire}{\textbf{Require:}}
                                                  
Your command was ignored.
Type  I <command> <return>  to replace it with another command,
or  <return>  to continue without it.


/usr/share/texlive/texmf-dist/tex/latex/algorithms/algorithmic.sty:67: LaTeX Error: Command \algorithmicensure already defined.
               Or name \end... illegal, see p.192 of the manual.

See the LaTeX manual or LaTeX Companion for explanation.
Type  H <return>  for immediate help.
 ...                                              
                                                  
l.67 ...mand{\algorithmicensure}{\textbf{Ensure:}}
                                                  
Your command was ignored.
Type  I <command> <return>  to replace it with another command,
or  <return>  to continue without it.


/usr/share/texlive/texmf-dist/tex/latex/algorithms/algorithmic.sty:68: LaTeX Error: Command \algorithmiccomment already defined.
               Or name \end... illegal, see p.192 of the manual.

See the LaTeX manual or LaTeX Companion for explanation.
Type  H <return>  for immediate help.
 ...                                              
                                                  
l.68 \newcommand{\algorithmiccomment}[1]{\{#1\}}
                                                
Your command was ignored.
Type  I <command> <return>  to replace it with another command,
or  <return>  to continue without it.


/usr/share/texlive/texmf-dist/tex/latex/algorithms/algorithmic.sty:69: LaTeX Error: Command \algorithmicend already defined.
               Or name \end... illegal, see p.192 of the manual.

See the LaTeX manual or LaTeX Companion for explanation.
Type  H <return>  for immediate help.
 ...                                              
                                                  
l.69 \newcommand{\algorithmicend}{\textbf{end}}
                                               
Your command was ignored.
Type  I <command> <return>  to replace it with another command,
or  <return>  to continue without it.


/usr/share/texlive/texmf-dist/tex/latex/algorithms/algorithmic.sty:70: LaTeX Error: Command \algorithmicif already defined.
               Or name \end... illegal, see p.192 of the manual.

See the LaTeX manual or LaTeX Companion for explanation.
Type  H <return>  for immediate help.
 ...                                              
                                                  
l.70 \newcommand{\algorithmicif}{\textbf{if}}
                                             
Your command was ignored.
Type  I <command> <return>  to replace it with another command,
or  <return>  to continue without it.


/usr/share/texlive/texmf-dist/tex/latex/algorithms/algorithmic.sty:71: LaTeX Error: Command \algorithmicthen already defined.
               Or name \end... illegal, see p.192 of the manual.

See the LaTeX manual or LaTeX Companion for explanation.
Type  H <return>  for immediate help.
 ...                                              
                                                  
l.71 \newcommand{\algorithmicthen}{\textbf{then}}
                                                 
Your command was ignored.
Type  I <command> <return>  to replace it with another command,
or  <return>  to continue without it.


/usr/share/texlive/texmf-dist/tex/latex/algorithms/algorithmic.sty:72: LaTeX Error: Command \algorithmicelse already defined.
               Or name \end... illegal, see p.192 of the manual.

See the LaTeX manual or LaTeX Companion for explanation.
Type  H <return>  for immediate help.
 ...                                              
                                                  
l.72 \newcommand{\algorithmicelse}{\textbf{else}}
                                                 
Your command was ignored.
Type  I <command> <return>  to replace it with another command,
or  <return>  to continue without it.


/usr/share/texlive/texmf-dist/tex/latex/algorithms/algorithmic.sty:75: LaTeX Error: Command \algorithmicfor already defined.
               Or name \end... illegal, see p.192 of the manual.

See the LaTeX manual or LaTeX Companion for explanation.
Type  H <return>  for immediate help.
 ...                                              
                                                  
l.75 \newcommand{\algorithmicfor}{\textbf{for}}
                                               
Your command was ignored.
Type  I <command> <return>  to replace it with another command,
or  <return>  to continue without it.


/usr/share/texlive/texmf-dist/tex/latex/algorithms/algorithmic.sty:76: LaTeX Error: Command \algorithmicforall already defined.
               Or name \end... illegal, see p.192 of the manual.

See the LaTeX manual or LaTeX Companion for explanation.
Type  H <return>  for immediate help.
 ...                                              
                                                  
l.76 ...mand{\algorithmicforall}{\textbf{for all}}
                                                  
Your command was ignored.
Type  I <command> <return>  to replace it with another command,
or  <return>  to continue without it.


/usr/share/texlive/texmf-dist/tex/latex/algorithms/algorithmic.sty:77: LaTeX Error: Command \algorithmicdo already defined.
               Or name \end... illegal, see p.192 of the manual.

See the LaTeX manual or LaTeX Companion for explanation.
Type  H <return>  for immediate help.
 ...                                              
                                                  
l.77 \newcommand{\algorithmicdo}{\textbf{do}}
                                             
Your command was ignored.
Type  I <command> <return>  to replace it with another command,
or  <return>  to continue without it.


/usr/share/texlive/texmf-dist/tex/latex/algorithms/algorithmic.sty:79: LaTeX Error: Command \algorithmicwhile already defined.
               Or name \end... illegal, see p.192 of the manual.

See the LaTeX manual or LaTeX Companion for explanation.
Type  H <return>  for immediate help.
 ...                                              
                                                  
l.79 ...command{\algorithmicwhile}{\textbf{while}}
                                                  
Your command was ignored.
Type  I <command> <return>  to replace it with another command,
or  <return>  to continue without it.


/usr/share/texlive/texmf-dist/tex/latex/algorithms/algorithmic.sty:81: LaTeX Error: Command \algorithmicloop already defined.
               Or name \end... illegal, see p.192 of the manual.

See the LaTeX manual or LaTeX Companion for explanation.
Type  H <return>  for immediate help.
 ...                                              
                                                  
l.81 \newcommand{\algorithmicloop}{\textbf{loop}}
                                                 
Your command was ignored.
Type  I <command> <return>  to replace it with another command,
or  <return>  to continue without it.


/usr/share/texlive/texmf-dist/tex/latex/algorithms/algorithmic.sty:83: LaTeX Error: Command \algorithmicrepeat already defined.
               Or name \end... illegal, see p.192 of the manual.

See the LaTeX manual or LaTeX Companion for explanation.
Type  H <return>  for immediate help.
 ...                                              
                                                  
l.83 ...mmand{\algorithmicrepeat}{\textbf{repeat}}
                                                  
Your command was ignored.
Type  I <command> <return>  to replace it with another command,
or  <return>  to continue without it.


/usr/share/texlive/texmf-dist/tex/latex/algorithms/algorithmic.sty:84: LaTeX Error: Command \algorithmicuntil already defined.
               Or name \end... illegal, see p.192 of the manual.

See the LaTeX manual or LaTeX Companion for explanation.
Type  H <return>  for immediate help.
 ...                                              
                                                  
l.84 ...command{\algorithmicuntil}{\textbf{until}}
                                                  
Your command was ignored.
Type  I <command> <return>  to replace it with another command,
or  <return>  to continue without it.


/usr/share/texlive/texmf-dist/tex/latex/algorithms/algorithmic.sty:86: LaTeX Error: Command \algorithmicreturn already defined.
               Or name \end... illegal, see p.192 of the manual.

See the LaTeX manual or LaTeX Companion for explanation.
Type  H <return>  for immediate help.
 ...                                              
                                                  
l.86 ...mmand{\algorithmicreturn}{\textbf{return}}
                                                  
Your command was ignored.
Type  I <command> <return>  to replace it with another command,
or  <return>  to continue without it.


/usr/share/texlive/texmf-dist/tex/latex/algorithms/algorithmic.sty:229: LaTeX Error: Command \algorithmic already defined.
               Or name \end... illegal, see p.192 of the manual.

See the LaTeX manual or LaTeX Companion for explanation.
Type  H <return>  for immediate help.
 ...                                              
                                                  
l.229 {\end{list}}
                  
Your command was ignored.
Type  I <command> <return>  to replace it with another command,
or  <return>  to continue without it.

) (/usr/share/texlive/texmf-dist/tex/latex/jknapltx/mathrsfs.sty
Package: mathrsfs 1996/01/01 Math RSFS package v1.0 (jk)
\symrsfs=\mathgroup4
) (/usr/share/texlive/texmf-dist/tex/latex/amsmath/amsmath.sty
Package: amsmath 2022/04/08 v2.17n AMS math features
\@mathmargin=\skip65

For additional information on amsmath, use the `?' option.
(/usr/share/texlive/texmf-dist/tex/latex/amsmath/amstext.sty
Package: amstext 2021/08/26 v2.01 AMS text
 (/usr/share/texlive/texmf-dist/tex/latex/amsmath/amsgen.sty
File: amsgen.sty 1999/11/30 v2.0 generic functions
\@emptytoks=\toks35
\ex@=\dimen265
)) (/usr/share/texlive/texmf-dist/tex/latex/amsmath/amsbsy.sty
Package: amsbsy 1999/11/29 v1.2d Bold Symbols
\pmbraise@=\dimen266
) (/usr/share/texlive/texmf-dist/tex/latex/amsmath/amsopn.sty
Package: amsopn 2022/04/08 v2.04 operator names
)
\inf@bad=\count329
LaTeX Info: Redefining \frac on input line 234.
\uproot@=\count330
\leftroot@=\count331
LaTeX Info: Redefining \overline on input line 399.
LaTeX Info: Redefining \colon on input line 410.
\classnum@=\count332
\DOTSCASE@=\count333
LaTeX Info: Redefining \ldots on input line 496.
LaTeX Info: Redefining \dots on input line 499.
LaTeX Info: Redefining \cdots on input line 620.
\Mathstrutbox@=\box67
\strutbox@=\box68
LaTeX Info: Redefining \big on input line 722.
LaTeX Info: Redefining \Big on input line 723.
LaTeX Info: Redefining \bigg on input line 724.
LaTeX Info: Redefining \Bigg on input line 725.
\big@size=\dimen267
LaTeX Font Info:    Redeclaring font encoding OML on input line 743.
LaTeX Font Info:    Redeclaring font encoding OMS on input line 744.
\macc@depth=\count334
LaTeX Info: Redefining \bmod on input line 905.
LaTeX Info: Redefining \pmod on input line 910.
LaTeX Info: Redefining \smash on input line 940.
LaTeX Info: Redefining \relbar on input line 970.
LaTeX Info: Redefining \Relbar on input line 971.
\c@MaxMatrixCols=\count335
\dotsspace@=\muskip16
\c@parentequation=\count336
\dspbrk@lvl=\count337
\tag@help=\toks36
\row@=\count338
\column@=\count339
\maxfields@=\count340
\andhelp@=\toks37
\eqnshift@=\dimen268
\alignsep@=\dimen269
\tagshift@=\dimen270
\tagwidth@=\dimen271
\totwidth@=\dimen272
\lineht@=\dimen273
\@envbody=\toks38
\multlinegap=\skip66
\multlinetaggap=\skip67
\mathdisplay@stack=\toks39
LaTeX Info: Redefining \[ on input line 2953.
LaTeX Info: Redefining \] on input line 2954.
) (/usr/share/texlive/texmf-dist/tex/latex/amsfonts/amssymb.sty
Package: amssymb 2013/01/14 v3.01 AMS font symbols
 (/usr/share/texlive/texmf-dist/tex/latex/amsfonts/amsfonts.sty
Package: amsfonts 2013/01/14 v3.01 Basic AMSFonts support
\symAMSa=\mathgroup5
\symAMSb=\mathgroup6
LaTeX Font Info:    Redeclaring math symbol \hbar on input line 98.
LaTeX Font Info:    Overwriting math alphabet `\mathfrak' in version `bold'
(Font)                  U/euf/m/n --> U/euf/b/n on input line 106.
)) (/usr/share/texlive/texmf-dist/tex/latex/amscls/amsthm.sty
Package: amsthm 2020/05/29 v2.20.6
\thm@style=\toks40
\thm@bodyfont=\toks41
\thm@headfont=\toks42
\thm@notefont=\toks43
\thm@headpunct=\toks44
\thm@preskip=\skip68
\thm@postskip=\skip69
\thm@headsep=\skip70
\dth@everypar=\toks45
) (/usr/share/texlive/texmf-dist/tex/latex/epigraph/epigraph.sty
Package: epigraph 2020/01/02 v1.5e typesetting epigraphs
 (/usr/share/texlive/texmf-dist/tex/latex/nextpage/nextpage.sty
Package: nextpage 2009/09/03 v1.1a additional page commands
)
\beforeepigraphskip=\skip71
\afterepigraphskip=\skip72
\epigraphwidth=\skip73
\epigraphrule=\skip74
) (/usr/share/texlive/texmf-dist/tex/latex/hyperref/hyperref.sty
Package: hyperref 2022-11-13 v7.00u Hypertext links for LaTeX
 (/usr/share/texlive/texmf-dist/tex/generic/pdftexcmds/pdftexcmds.sty
Package: pdftexcmds 2020-06-27 v0.33 Utility functions of pdfTeX for LuaTeX (HO)
 (/usr/share/texlive/texmf-dist/tex/generic/infwarerr/infwarerr.sty
Package: infwarerr 2019/12/03 v1.5 Providing info/warning/error messages (HO)
)
Package pdftexcmds Info: \pdf@primitive is available.
Package pdftexcmds Info: \pdf@ifprimitive is available.
Package pdftexcmds Info: \pdfdraftmode found.
) (/usr/share/texlive/texmf-dist/tex/generic/kvdefinekeys/kvdefinekeys.sty
Package: kvdefinekeys 2019-12-19 v1.6 Define keys (HO)
) (/usr/share/texlive/texmf-dist/tex/generic/pdfescape/pdfescape.sty
Package: pdfescape 2019/12/09 v1.15 Implements pdfTeX's escape features (HO)
) (/usr/share/texlive/texmf-dist/tex/latex/hycolor/hycolor.sty
Package: hycolor 2020-01-27 v1.10 Color options for hyperref/bookmark (HO)
) (/usr/share/texlive/texmf-dist/tex/latex/letltxmacro/letltxmacro.sty
Package: letltxmacro 2019/12/03 v1.6 Let assignment for LaTeX macros (HO)
) (/usr/share/texlive/texmf-dist/tex/latex/auxhook/auxhook.sty
Package: auxhook 2019-12-17 v1.6 Hooks for auxiliary files (HO)
) (/usr/share/texlive/texmf-dist/tex/latex/hyperref/nameref.sty
Package: nameref 2022-05-17 v2.50 Cross-referencing by name of section
 (/usr/share/texlive/texmf-dist/tex/latex/refcount/refcount.sty
Package: refcount 2019/12/15 v3.6 Data extraction from label references (HO)
) (/usr/share/texlive/texmf-dist/tex/generic/gettitlestring/gettitlestring.sty
Package: gettitlestring 2019/12/15 v1.6 Cleanup title references (HO)
)
\c@section@level=\count341
)
\@linkdim=\dimen274
\Hy@linkcounter=\count342
\Hy@pagecounter=\count343
 (/usr/share/texlive/texmf-dist/tex/latex/hyperref/pd1enc.def
File: pd1enc.def 2022-11-13 v7.00u Hyperref: PDFDocEncoding definition (HO)
Now handling font encoding PD1 ...
... no UTF-8 mapping file for font encoding PD1
) (/usr/share/texlive/texmf-dist/tex/generic/intcalc/intcalc.sty
Package: intcalc 2019/12/15 v1.3 Expandable calculations with integers (HO)
) (/usr/share/texlive/texmf-dist/tex/generic/etexcmds/etexcmds.sty
Package: etexcmds 2019/12/15 v1.7 Avoid name clashes with e-TeX commands (HO)
)
\Hy@SavedSpaceFactor=\count344
 (/usr/share/texlive/texmf-dist/tex/latex/hyperref/puenc.def
File: puenc.def 2022-11-13 v7.00u Hyperref: PDF Unicode definition (HO)
Now handling font encoding PU ...
... no UTF-8 mapping file for font encoding PU
)
Package hyperref Info: Hyper figures OFF on input line 4162.
Package hyperref Info: Link nesting OFF on input line 4167.
Package hyperref Info: Hyper index ON on input line 4170.
Package hyperref Info: Plain pages OFF on input line 4177.
Package hyperref Info: Backreferencing OFF on input line 4182.
Package hyperref Info: Implicit mode ON; LaTeX internals redefined.
Package hyperref Info: Bookmarks ON on input line 4410.
\c@Hy@tempcnt=\count345
 (/usr/share/texlive/texmf-dist/tex/latex/url/url.sty
\Urlmuskip=\muskip17
Package: url 2013/09/16  ver 3.4  Verb mode for urls, etc.
)
LaTeX Info: Redefining \url on input line 4748.
\XeTeXLinkMargin=\dimen275
 (/usr/share/texlive/texmf-dist/tex/generic/bitset/bitset.sty
Package: bitset 2019/12/09 v1.3 Handle bit-vector datatype (HO)
 (/usr/share/texlive/texmf-dist/tex/generic/bigintcalc/bigintcalc.sty
Package: bigintcalc 2019/12/15 v1.5 Expandable calculations on big integers (HO)
))
\Fld@menulength=\count346
\Field@Width=\dimen276
\Fld@charsize=\dimen277
Package hyperref Info: Hyper figures OFF on input line 6027.
Package hyperref Info: Link nesting OFF on input line 6032.
Package hyperref Info: Hyper index ON on input line 6035.
Package hyperref Info: backreferencing OFF on input line 6042.
Package hyperref Info: Link coloring OFF on input line 6047.
Package hyperref Info: Link coloring with OCG OFF on input line 6052.
Package hyperref Info: PDF/A mode OFF on input line 6057.
 (/usr/share/texlive/texmf-dist/tex/latex/base/atbegshi-ltx.sty
Package: atbegshi-ltx 2021/01/10 v1.0c Emulation of the original atbegshi
package wirehensive (SI) units package
\l__siunitx_angle_tmp_dim=\dimen278
\l__siunitx_angle_marker_box=\box69
\l__siunitx_angle_unit_box=\box70
\l__siunitx_compound_count_int=\count352
(/usr/share/texlive/texmf-dist/tex/latex/translations/translations.sty
Package: translations 2022/02/05 v1.12 internationalization of LaTeX2e packages
 (CN)
)
\l__siunitx_number_exponent_fixed_int=\count353
\l__siunitx_number_min_decimal_int=\count354
\l__siunitx_number_min_integer_int=\count355
\l__siunitx_number_round_precision_int=\count356
\l__siunitx_number_lower_threshold_int=\count357
\l__siunitx_number_upper_threshold_int=\count358
\l__siunitx_number_group_first_int=\count359
\l__siunitx_number_group_size_int=\count360
\l__siunitx_number_group_minimum_int=\count361
\l__siunitx_table_tmp_box=\box71
\l__siunitx_table_tmp_dim=\dimen279
\l__siunitx_table_column_width_dim=\dimen280
\l__siunitx_table_integer_box=\box72
\l__siunitx_table_decimal_box=\box73
\l__siunitx_table_uncert_box=\box74
\l__siunitx_table_before_box=\box75
\l__siunitx_table_after_box=\box76
\l__siunitx_table_before_dim=\dimen281
\l__siunitx_table_carry_dim=\dimen282
\l__siunitx_unit_tmp_int=\count362
\l__siunitx_unit_position_int=\count363
\l__siunitx_unit_total_int=\count364
(/usr/share/texlive/texmf-dist/tex/latex/tools/array.sty
Package: array 2022/09/04 v2.5g Tabular extension package (FMi)
\col@sep=\dimen283
\ar@mcellbox=\box77
\extrarowheight=\dimen284
\NC@list=\toks46
\extratabsurround=\skip76
\backup@length=\skip77
\ar@cellbox=\box78
)) (/usr/share/texlive/texmf-dist/tex/generic/babel/babel.sty
Package: babel 2022/12/26 3.84 The Babel package
\babel@savecnt=\count365
\U@D=\dimen285
\l@unhyphenated=\language87
(/usr/share/texlive/texmf-dist/tex/generic/babel/txtbabel.def)
\bbl@readstream=\read3
\bbl@dirlevel=\count366
(/usr/share/texlive/texmf-dist/tex/generic/babel-english/english.ldf
Language: english 2017/06/06 v3.3r English support from the babel system
Package babel Info: Hyphen rules for 'canadian' set to \l@english
(babel)             (\language0). Reported on input line 102.
Package babel Info: Hyphen rules for 'australian' set to \l@ukenglish
(babel)             (\language50). Reported on input line 105.
Package babel Info: Hyphen rules for 'newzealand' set to \l@ukenglish
(babel)             (\language50). Reported on input line 108.
)) (/usr/share/texlive/texmf-dist/tex/generic/babel/locale/en/babel-english.tex
Package babel Info: Importing font and identification data for english
(babel)             from babel-en.ini. Reported on input line 11.
) (/usr/share/texlive/texmf-dist/tex/latex/subfiles/subfiles.sty
Package: subfiles 2020/11/14 v2.2 Multi-file projects (package)
(/usr/share/texlive/texmf-dist/tex/latex/import/import.sty
Package: import 2020/04/01  v 6.2
)) (/usr/share/texlive/texmf-dist/tex/latex/mhchem/mhchem.sty
Package: mhchem 2021/12/31 v4.09 for typesetting chemical formulae
(/usr/share/texlive/texmf-dist/tex/latex/tools/calc.sty
Package: calc 2017/05/25 v4.3 Infix arithmetic (KKT,FJ)
\calc@Acount=\count367
\calc@Bcount=\count368
\calc@Adimen=\dimen286
\calc@Bdimen=\dimen287
\calc@Askip=\skip78
\calc@Bskip=\skip79
LaTeX Info: Redefining \setlength on input line 80.
LaTeX Info: Redefining \addtolength on input line 81.
\calc@Ccount=\count369
\calc@Cskip=\skip80
) (/usr/share/texlive/texmf-dist/tex/latex/chemgreek/chemgreek.sty
Package: chemgreek 2020/01/16 v1.1a interface for upright Greek letters for use
 in chemistry (CN)
\l__chemgreek_tmpa_int=\count370
\g__chemgreek_tmpa_int=\count371
)
\l__mhchem_ce_distanceFromLastComma_int=\count372
\__mhchem_arrow_extPgfLength_skip=\skip81
\mhchem@minispace@tmp=\skip82
\mhchem@minibackspace@tmp=\skip83
\mhchem@bondwidth=\skip84
\mhchem@bondheight=\skip85
\mhchem@smallbondwidth@tmpA=\skip86
\mhchem@smallbondwidth@tmpB=\skip87
\mhchem@smallbondwidth=\skip88
\mhchem@bondtmp@minussidebearingleft=\skip89
\mhchem@bondtmp@minussidebearingright=\skip90
\l__mhchem_option_version_int=\count373
\mhchem@option@minusmathsidebearingleft=\dimen288
\mhchem@option@minusmathsidebearingright=\dimen289
\mhchem@option@minustextsidebearingleft=\dimen290
\mhchem@option@minustextsidebearingright=\dimen291
)
\c@theorem=\count374
\c@corollary=\count375
\c@definition=\count376
\c@exmp=\count377
(./phyai.aux)
Runaway argument?
! File ended while scanning use of \@writefile.
<inserted text> 
                \par 
l.37 \begin{document}
                     
I suspect you have forgotten a `}', causing me
to read past where you wanted me to stop.
I'll try to recover; but if the error is serious,
you'd better type `E' or `X' now and fix your file.

\openout1 = `phyai.aux'.

LaTeX Font Info:    Checking defaults for OML/cmm/m/it on input line 37.
LaTeX Font Info:    ... okay on input line 37.
LaTeX Font Info:    Checking defaults for OMS/cmsy/m/n on input line 37.
LaTeX Font Info:    ... okay on input line 37.
LaTeX Font Info:    Checking defaults for OT1/cmr/m/n on input line 37.
LaTeX Font Info:    ... okay on input line 37.
LaTeX Font Info:    Checking defaults for T1/cmr/m/n on input line 37.
LaTeX Font Info:    ... okay on input line 37.
LaTeX Font Info:    Checking defaults for TS1/cmr/m/n on input line 37.
LaTeX Font Info:    ... okay on input line 37.
LaTeX Font Info:    Checking defaults for OMX/cmex/m/n on input line 37.
LaTeX Font Info:    ... okay on input line 37.
LaTeX Font Info:    Checking defaults for U/cmr/m/n on input line 37.
LaTeX Font Info:    ... okay on input line 37.
LaTeX Font Info:    Checking defaults for PD1/pdf/m/n on input line 37.
LaTeX Font Info:    ... okay on input line 37.
LaTeX Font Info:    Checking defaults for PU/pdf/m/n on input line 37.
LaTeX Font Info:    ... okay on input line 37.
(/usr/share/texlive/texmf-dist/tex/context/base/mkii/supp-pdf.mkii
[Loading MPS to PDF converter (version 2006.09.02).]
\scratchcounter=\count378
\scratchdimen=\dimen292
\scratchbox=\box79
\nofMPsegments=\count379
\nofMParguments=\count380
\everyMPshowfont=\toks47
\MPscratchCnt=\count381
\MPscratchDim=\dimen293
\MPnumerator=\count382
\makeMPintoPDFobject=\count383
\everyMPtoPDFconversion=\toks48
) (/usr/share/texlive/texmf-dist/tex/latex/epstopdf-pkg/epstopdf-base.sty
Package: epstopdf-base 2020-01-24 v2.11 Base part for package epstopdf
Package epstopdf-base Info: Redefining graphics rule for `.eps' on input line 4
85.
(/usr/share/texlive/texmf-dist/tex/latex/latexconfig/epstopdf-sys.cfg
File: epstopdf-sys.cfg 2010/07/13 v1.3 Configuration of (r)epstopdf for TeX Liv
e
))
*geometry* driver: auto-detecting
*geometry* detected driver: pdftex
*geometry* verbose mode - [ preamble ] result:
* driver: pdftex
* paper: a4paper
* layout: <same size as paper>
* layoutoffset:(h,v)=(0.0pt,0.0pt)
* modes: 
* h-part:(L,W,R)=(56.9055pt, 483.69684pt, 56.90553pt)
* v-part:(T,H,B)=(56.9055pt, 731.23582pt, 56.90552pt)
* \paperwidth=597.50787pt
* \paperheight=845.04684pt
* \textwidth=483.69684pt
* \textheight=731.23582pt
* \oddsidemargin=-15.36449pt
* \evensidemargin=-15.36449pt
* \topmargin=-52.36449pt
* \headheight=12.0pt
* \headsep=25.0pt
* \topskip=12.0pt
* \footskip=30.0pt
* \marginparwidth=44.0pt
* \marginparsep=10.0pt
* \columnsep=10.0pt
* \skip\footins=10.8pt plus 4.0pt minus 2.0pt
* \hoffset=0.0pt
* \voffset=0.0pt
* \mag=1000
* \@twocolumnfalse
* \@twosidefalse
* \@mparswitchfalse
* \@reversemarginfalse
* (1in=72.27pt=25.4mm, 1cm=28.453pt)

Package hyperref Info: Link coloring OFF on input line 37.
(./phyai.out) (./phyai.out)
\@outlinefile=\write5
\openout5 = `phyai.out'.


(/usr/share/texlive/texmf-dist/tex/latex/translations/translations-basic-dictio
nary-english.trsl
File: translations-basic-dictionary-english.trsl (english translation file `tra
nslations-basic-dictionary')
)
Package translations Info: loading dictionary `translations-basic-dictionary' f
or `english'. on input line 37.

Package chemgreek Info: Activating mapping `default' on line 37.

[1

{/var/lib/texmf/fonts/map/pdftex/updmap/pdftex.map}]
LaTeX Font Info:    Trying to load font information for U+rsfs on input line 39
.
(/usr/share/texlive/texmf-dist/tex/latex/jknapltx/ursfs.fd
File: ursfs.fd 1998/03/24 rsfs font definition file (jk)
)
LaTeX Font Info:    Trying to load font information for U+msa on input line 39.

(/usr/share/texlive/texmf-dist/tex/latex/amsfonts/umsa.fd
File: umsa.fd 2013/01/14 v3.01 AMS symbols A
)
LaTeX Font Info:    Trying to load font information for U+msb on input line 39.

(/usr/share/texlive/texmf-dist/tex/latex/amsfonts/umsb.fd
File: umsb.fd 2013/01/14 v3.01 AMS symbols B
)
pdfTeX warning (ext4): destination with the same identifier (name{page.1}) has 
been already used, duplicate ignored
<to be read again> 
                   \relax 
l.39 \newpage
              [1]
pdfTeX warning (ext4): destination with the same identifier (name{page.1}) has 
been already used, duplicate ignored
<to be read again> 
                   \relax 
l.43 \tableofcontents
                      [1] (./phyai.toc)
\tf@toc=\write6
\openout6 = `phyai.toc'.

(./preface.tex [2

]
Underfull \hbox (badness 10000) in paragraph at lines 5--8

 []


Underfull \hbox (badness 10000) in paragraph at lines 5--8

 []


Underfull \hbox (badness 10000) in paragraph at lines 5--8

 []


Underfull \hbox (badness 10000) in paragraph at lines 5--8

 []


Underfull \hbox (badness 10000) in paragraph at lines 8--12

 []


Underfull \hbox (badness 10000) in paragraph at lines 8--12

 []


Underfull \hbox (badness 10000) in paragraph at lines 8--12

 []


Underfull \hbox (badness 10000) in paragraph at lines 8--12

 []

[3

]
Overfull \hbox (0.22455pt too wide) in paragraph at lines 15--16
[]\OT1/cmr/m/n/12 Probability and Statis-tics: Prob-a-bil-ity and Statis-tics f
or En-gi-neers and Sci-en-tists, Walpole
 []

) (./chapter0/chapter0.tex [4]
Chapter 0.
<~/PhyAI/chapter0/0_1.png, id=52, 1339.0025pt x 606.265pt>
File: ~/PhyAI/chapter0/0_1.png Graphic file (type png)
<use ~/PhyAI/chapter0/0_1.png>
Package pdftex.def Info: ~/PhyAI/chapter0/0_1.png  used on input line 28.
(pdftex.def)             Requested size: 435.32419pt x 197.09854pt.

! LaTeX Error: There's no line here to end.

See the LaTeX manual or LaTeX Companion for explanation.
Type  H <return>  for immediate help.
 ...                                              
                                                  
l.32 \\A
        s you can see here, the time interval $(0,t_{0})$ is very short comp...

Your command was ignored.
Type  I <command> <return>  to replace it with another command,
or  <return>  to continue without it.

[5

]
<~/PhyAI/chapter0/0_2.png, id=69, 1027.84pt x 575.14874pt>
File: ~/PhyAI/chapter0/0_2.png Graphic file (type png)
<use ~/PhyAI/chapter0/0_2.png>
Package pdftex.def Info: ~/PhyAI/chapter0/0_2.png  used on input line 35.
(pdftex.def)             Requested size: 435.32419pt x 243.59686pt.
[6 </home/Chiaki/PhyAI/chapter0/0_1.png> </home/Chiaki/PhyAI/chapter0/0_2.png>]
[7] [8]) (./chapter1/chapter1.tex [9]
Chapter 1.
<~/PhyAI/chapter1/1_0.png, id=130, 622.325pt x 432.61626pt>
File: ~/PhyAI/chapter1/1_0.png Graphic file (type png)
<use ~/PhyAI/chapter1/1_0.png>
Package pdftex.def Info: ~/PhyAI/chapter1/1_0.png  used on input line 11.
(pdftex.def)             Requested size: 290.22105pt x 201.75198pt.
[10

 </home/Chiaki/PhyAI/chapter1/1_0.png>]
<~/PhyAI/chapter1/1_1.png, id=140, 816.04875pt x 554.07pt>
File: ~/PhyAI/chapter1/1_1.png Graphic file (type png)
<use ~/PhyAI/chapter1/1_1.png>
Package pdftex.def Info: ~/PhyAI/chapter1/1_1.png  used on input line 35.
(pdftex.def)             Requested size: 338.5863pt x 229.89249pt.
<~/PhyAI/chapter1/1_2.png, id=141, 1051.93pt x 349.305pt>
File: ~/PhyAI/chapter1/1_2.png Graphic file (type png)
<use ~/PhyAI/chapter1/1_2.png>
Package pdftex.def Info: ~/PhyAI/chapter1/1_2.png  used on input line 42.
(pdftex.def)             Requested size: 338.5863pt x 112.43013pt.
[11 </home/Chiaki/PhyAI/chapter1/1_1.png> </home/Chiaki/PhyAI/chapter1/1_2.png>
]
<~/PhyAI/chapter1/1_3.png, id=157, 610.28pt x 315.1775pt>
File: ~/PhyAI/chapter1/1_3.png Graphic file (type png)
<use ~/PhyAI/chapter1/1_3.png>
Package pdftex.def Info: ~/PhyAI/chapter1/1_3.png  used on input line 56.
(pdftex.def)             Requested size: 290.22105pt x 149.88881pt.
<~/PhyAI/chapter1/1_4.png, id=159, 1090.0725pt x 561.09625pt>
File: ~/PhyAI/chapter1/1_4.png Graphic file (type png)
<use ~/PhyAI/chapter1/1_4.png>
Package pdftex.def Info: ~/PhyAI/chapter1/1_4.png  used on input line 63.
(pdftex.def)             Requested size: 386.95894pt x 199.17772pt.
[12 </home/Chiaki/PhyAI/chapter1/1_3.png> </home/Chiaki/PhyAI/chapter1/1_4.png>
]
<~/PhyAI/chapter1/1_5.png, id=169, 488.82625pt x 339.2675pt>
File: ~/PhyAI/chapter1/1_5.png Graphic file (type png)
<use ~/PhyAI/chapter1/1_5.png>
Package pdftex.def Info: ~/PhyAI/chapter1/1_5.png  used on input line 100.
(pdftex.def)             Requested size: 241.84842pt x 167.85768pt.
[13 </home/Chiaki/PhyAI/chapter1/1_5.png>]

LaTeX Warning: Reference `Definition of Pressure' on page 14 undefined on input
 line 110.

[14]
<~/PhyAI/chapter1/1_6.png, id=191, 860.21375pt x 431.6125pt>
File: ~/PhyAI/chapter1/1_6.png Graphic file (type png)
<use ~/PhyAI/chapter1/1_6.png>
Package pdftex.def Info: ~/PhyAI/chapter1/1_6.png  used on input line 164.
(pdftex.def)             Requested size: 386.95894pt x 194.15796pt.
[15]

LaTeX Warning: Reference `Total Internal Energy' on page 16 undefined on input 
line 174.

<~/PhyAI/chapter1/1_7.png, id=209, 649.42625pt x 363.3575pt>
File: ~/PhyAI/chapter1/1_7.png Graphic file (type png)
<use ~/PhyAI/chapter1/1_7.png>
Package pdftex.def Info: ~/PhyAI/chapter1/1_7.png  used on input line 182.
(pdftex.def)             Requested size: 338.5863pt x 189.44597pt.
[16 </home/Chiaki/PhyAI/chapter1/1_6.png>]
<~/PhyAI/chapter1/1_8.png, id=222, 687.56876pt x 278.03876pt>
File: ~/PhyAI/chapter1/1_8.png Graphic file (type png)
<use ~/PhyAI/chapter1/1_8.png>
Package pdftex.def Info: ~/PhyAI/chapter1/1_8.png  used on input line 201.
(pdftex.def)             Requested size: 338.5863pt x 136.91473pt.
[17 </home/Chiaki/PhyAI/chapter1/1_7.png>]
<~/PhyAI/chapter1/1_9.png, id=233, 727.71875pt x 387.4475pt>
File: ~/PhyAI/chapter1/1_9.png Graphic file (type png)
<use ~/PhyAI/chapter1/1_9.png>
Package pdftex.def Info: ~/PhyAI/chapter1/1_9.png  used on input line 215.
(pdftex.def)             Requested size: 338.5863pt x 180.27354pt.

LaTeX Warning: Reference `Total Internal Energy' on page 18 undefined on input 
line 219.

[18 </home/Chiaki/PhyAI/chapter1/1_8.png> </home/Chiaki/PhyAI/chapter1/1_9.png>
]
<~/PhyAI/chapter1/1_10.png, id=242, 843.15pt x 375.4025pt>
File: ~/PhyAI/chapter1/1_10.png Graphic file (type png)
<use ~/PhyAI/chapter1/1_10.png>
Package pdftex.def Info: ~/PhyAI/chapter1/1_10.png  used on input line 226.
(pdftex.def)             Requested size: 338.5863pt x 150.75406pt.
<~/PhyAI/chapter1/1_11.png, id=246, 591.20876pt x 385.44pt>
File: ~/PhyAI/chapter1/1_11.png Graphic file (type png)
<use ~/PhyAI/chapter1/1_11.png>
Package pdftex.def Info: ~/PhyAI/chapter1/1_11.png  used on input line 240.
(pdftex.def)             Requested size: 338.5863pt x 220.74408pt.
[19 </home/Chiaki/PhyAI/chapter1/1_10.png>]
<~/PhyAI/chapter1/1_12.png, id=257, 622.325pt x 376.40625pt>
File: ~/PhyAI/chapter1/1_12.png Graphic file (type png)
<use ~/PhyAI/chapter1/1_12.png>
Package pdftex.def Info: ~/PhyAI/chapter1/1_12.png  used on input line 263.
(pdftex.def)             Requested size: 338.5863pt x 204.78986pt.
[20 </home/Chiaki/PhyAI/chapter1/1_11.png>]

LaTeX Warning: Reference `Total Internal Energy' on page 21 undefined on input 
line 274.

) (./chapter2/chapter2.tex [21 </home/Chiaki/PhyAI/chapter1/1_12.png>]
Chapter 2.

Underfull \hbox (badness 10000) in paragraph at lines 6--8

 []


Underfull \hbox (badness 10000) in paragraph at lines 6--8

 []

<~/PhyAI/chapter2/2_1.png, id=278, 792.9625pt x 515.9275pt>
File: ~/PhyAI/chapter2/2_1.png Graphic file (type png)
<use ~/PhyAI/chapter2/2_1.png>
Package pdftex.def Info: ~/PhyAI/chapter2/2_1.png  used on input line 21.
(pdftex.def)             Requested size: 338.5863pt x 220.3015pt.
[22

]
<~/PhyAI/chapter2/2_2.png, id=292, 661.47125pt x 329.23pt>
File: ~/PhyAI/chapter2/2_2.png Graphic file (type png)
<use ~/PhyAI/chapter2/2_2.png>
Package pdftex.def Info: ~/PhyAI/chapter2/2_2.png  used on input line 39.
(pdftex.def)             Requested size: 338.5863pt x 168.51796pt.
[23 </home/Chiaki/PhyAI/chapter2/2_1.png> </home/Chiaki/PhyAI/chapter2/2_2.png>
]

LaTeX Warning: Reference `fig:2_1' on page 24 undefined on input line 51.

[24]
<~/PhyAI/chapter2/2_3.png, id=311, 662.475pt x 481.8pt>
File: ~/PhyAI/chapter2/2_3.png Graphic file (type png)
<use ~/PhyAI/chapter2/2_3.png>
Package pdftex.def Info: ~/PhyAI/chapter2/2_3.png  used on input line 109.
(pdftex.def)             Requested size: 338.5863pt x 246.24406pt.

LaTeX Warning: Reference `The Multiplicity of an Einstein solid' on page 25 und
efined on input line 113.

[25 </home/Chiaki/PhyAI/chapter2/2_3.png>]

LaTeX Warning: Reference `Weak Stirling's Approximation' on page 26 undefined o
n input line 143.


Overfull \hbox (11.92653pt too wide) detected at line 149
[]
 []

[26] [27]

LaTeX Warning: Reference `The Second Law of Thermodynamics' on page 28 undefine
d on input line 243.

[28]

Package hyperref Warning: Token not allowed in a PDF string (Unicode):
(hyperref)                removing `math shift' on input line 248.


Package hyperref Warning: Token not allowed in a PDF string (Unicode):
(hyperref)                removing `math shift' on input line 248.


Package hyperref Warning: Token not allowed in a PDF string (Unicode):
(hyperref)                removing `math shift' on input line 248.


Package hyperref Warning: Token not allowed in a PDF string (Unicode):
(hyperref)                removing `math shift' on input line 248.


Package hyperref Warning: Token not allowed in a PDF string (Unicode):
(hyperref)                removing `math shift' on input line 253.


Package hyperref Warning: Token not allowed in a PDF string (Unicode):
(hyperref)                removing `math shift' on input line 253.


Package hyperref Warning: Token not allowed in a PDF string (Unicode):
(hyperref)                removing `math shift' on input line 253.


Package hyperref Warning: Token not allowed in a PDF string (Unicode):
(hyperref)                removing `math shift' on input line 253.

[29] [30]
<~/PhyAI/chapter2/2_4.png, id=363, 797.98125pt x 275.0275pt>
File: ~/PhyAI/chapter2/2_4.png Graphic file (type png)
<use ~/PhyAI/chapter2/2_4.png>
Package pdftex.def Info: ~/PhyAI/chapter2/2_4.png  used on input line 307.
(pdftex.def)             Requested size: 338.5863pt x 116.69418pt.
<~/PhyAI/chapter2/2_5.png, id=364, 873.2625pt x 559.08875pt>
File: ~/PhyAI/chapter2/2_5.png Graphic file (type png)
<use ~/PhyAI/chapter2/2_5.png>
Package pdftex.def Info: ~/PhyAI/chapter2/2_5.png  used on input line 318.
(pdftex.def)             Requested size: 338.5863pt x 216.77261pt.

Underfull \hbox (badness 10000) in paragraph at lines 322--330

 []


Underfull \hbox (badness 10000) in paragraph at lines 322--330

 []


Underfull \hbox (badness 10000) in paragraph at lines 322--330

 []


Underfull \hbox (badness 10000) in paragraph at lines 322--330

 []

[31 </home/Chiaki/PhyAI/chapter2/2_4.png> </home/Chiaki/PhyAI/chapter2/2_5.png>
]
<~/PhyAI/chapter2/2_6.png, id=371, 1046.91125pt x 259.97125pt>
File: ~/PhyAI/chapter2/2_6.png Graphic file (type png)
<use ~/PhyAI/chapter2/2_6.png>
Package pdftex.def Info: ~/PhyAI/chapter2/2_6.png  used on input line 334.
(pdftex.def)             Requested size: 386.95894pt x 96.08868pt.
<~/PhyAI/chapter2/2_7.png, id=372, 967.615pt x 629.35126pt>
File: ~/PhyAI/chapter2/2_7.png Graphic file (type png)
<use ~/PhyAI/chapter2/2_7.png>
Package pdftex.def Info: ~/PhyAI/chapter2/2_7.png  used on input line 347.
(pdftex.def)             Requested size: 386.95894pt x 251.68802pt.
[32 </home/Chiaki/PhyAI/chapter2/2_6.png>]
<~/PhyAI/chapter2/2_8.png, id=379, 827.09pt x 485.815pt>
File: ~/PhyAI/chapter2/2_8.png Graphic file (type png)
<use ~/PhyAI/chapter2/2_8.png>
Package pdftex.def Info: ~/PhyAI/chapter2/2_8.png  used on input line 373.
(pdftex.def)             Requested size: 386.95894pt x 227.29527pt.
[33 </home/Chiaki/PhyAI/chapter2/2_7.png>]
! Undefined control sequence.
<argument> ...\int _{0 }^{\pi }\sin ^{n-2}\thetad 
                                                  \theta -\int _{0 }^{\pi }\...
l.400 		\end{split}
                   
The control sequence at the end of the top line
of your error message was never \def'ed. If you have
misspelled it (e.g., `\hobx'), type `I' and the correct
spelling (e.g., `I\hbox'). Otherwise just continue,
and I'll forget about whatever was undefined.

! Undefined control sequence.
<argument> ...\int _{0 }^{\pi }\sin ^{n-2}\thetad 
                                                  \theta -\int _{0 }^{\pi }\...
l.400 		\end{split}
                   
The control sequence at the end of the top line
of your error message was never \def'ed. If you have
misspelled it (e.g., `\hobx'), type `I' and the correct
spelling (e.g., `I\hbox'). Otherwise just continue,
and I'll forget about whatever was undefined.

[34 </home/Chiaki/PhyAI/chapter2/2_8.png>] [35]

LaTeX Warning: Reference `sub: n and q are relatively small' on page 36 undefin
ed on input line 453.


LaTeX Warning: Reference `sub:_n_and_q_are_large_values' on page 36 undefined o
n input line 453.

<~/PhyAI/chapter2/2_9.png, id=397, 487.8225pt x 490.83376pt>
File: ~/PhyAI/chapter2/2_9.png Graphic file (type png)
<use ~/PhyAI/chapter2/2_9.png>
Package pdftex.def Info: ~/PhyAI/chapter2/2_9.png  used on input line 456.
(pdftex.def)             Requested size: 193.47577pt x 194.66734pt.
[36]
<~/PhyAI/chapter2/2_10.png, id=408, 413.545pt x 212.795pt>
File: ~/PhyAI/chapter2/2_10.png Graphic file (type png)
<use ~/PhyAI/chapter2/2_10.png>
Package pdftex.def Info: ~/PhyAI/chapter2/2_10.png  used on input line 482.
(pdftex.def)             Requested size: 241.84842pt x 124.44722pt.
[37 </home/Chiaki/PhyAI/chapter2/2_9.png>]

LaTeX Warning: Reference `The Multiplicity of Ideal Gas' on page 38 undefined o
n input line 507.

<~/PhyAI/chapter2/2_11.png, id=416, 528.97626pt x 337.26pt>
File: ~/PhyAI/chapter2/2_11.png Graphic file (type png)
<use ~/PhyAI/chapter2/2_11.png>
Package pdftex.def Info: ~/PhyAI/chapter2/2_11.png  used on input line 511.
(pdftex.def)             Requested size: 290.22105pt x 185.03555pt.
[38 </home/Chiaki/PhyAI/chapter2/2_10.png> </home/Chiaki/PhyAI/chapter2/2_11.pn
g>]
<~/PhyAI/chapter2/2_12.png, id=423, 566.115pt x 460.72125pt>
File: ~/PhyAI/chapter2/2_12.png Graphic file (type png)
<use ~/PhyAI/chapter2/2_12.png>
Package pdftex.def Info: ~/PhyAI/chapter2/2_12.png  used on input line 525.
(pdftex.def)             Requested size: 290.22105pt x 236.19498pt.
<~/PhyAI/chapter2/2_13.png, id=424, 866.23625pt x 465.74pt>
File: ~/PhyAI/chapter2/2_13.png Graphic file (type png)
<use ~/PhyAI/chapter2/2_13.png>
Package pdftex.def Info: ~/PhyAI/chapter2/2_13.png  used on input line 537.
(pdftex.def)             Requested size: 338.5863pt x 182.04294pt.
[39 </home/Chiaki/PhyAI/chapter2/2_12.png>]

LaTeX Warning: Reference `The Entropy of Ideal Gas' on page 40 undefined on inp
ut line 541.

<~/PhyAI/chapter2/2_14.png, id=431, 1082.0425pt x 373.395pt>
File: ~/PhyAI/chapter2/2_14.png Graphic file (type png)
<use ~/PhyAI/chapter2/2_14.png>
Package pdftex.def Info: ~/PhyAI/chapter2/2_14.png  used on input line 549.
(pdftex.def)             Requested size: 386.95894pt x 133.53328pt.
<~/PhyAI/chapter2/2_15.png, id=432, 924.45375pt x 597.23125pt>
File: ~/PhyAI/chapter2/2_15.png Graphic file (type png)
<use ~/PhyAI/chapter2/2_15.png>
Package pdftex.def Info: ~/PhyAI/chapter2/2_15.png  used on input line 562.
(pdftex.def)             Requested size: 411.14526pt x 265.6167pt.
[40 </home/Chiaki/PhyAI/chapter2/2_13.png> </home/Chiaki/PhyAI/chapter2/2_14.pn
g>]) (./chapter3/chapter3.tex [41 </home/Chiaki/PhyAI/chapter2/2_15.png>]
Chapter 3.
<~/PhyAI/chapter3/3_1.png, id=446, 985.6825pt x 341.275pt>
File: ~/PhyAI/chapter3/3_1.png Graphic file (type png)
<use ~/PhyAI/chapter3/3_1.png>
Package pdftex.def Info: ~/PhyAI/chapter3/3_1.png  used on input line 10.
(pdftex.def)             Requested size: 386.95894pt x 133.97676pt.
<~/PhyAI/chapter3/3_2.png, id=447, 989.6975pt x 469.755pt>
File: ~/PhyAI/chapter3/3_2.png Graphic file (type png)
<use ~/PhyAI/chapter3/3_2.png>
Package pdftex.def Info: ~/PhyAI/chapter3/3_2.png  used on input line 17.
(pdftex.def)             Requested size: 338.5863pt x 160.70375pt.
[42

 </home/Chiaki/PhyAI/chapter3/3_1.png>]
<~/PhyAI/chapter3/3_3.png, id=456, 772.8875pt x 526.96875pt>
File: ~/PhyAI/chapter3/3_3.png Graphic file (type png)
<use ~/PhyAI/chapter3/3_3.png>
Package pdftex.def Info: ~/PhyAI/chapter3/3_3.png  used on input line 29.
(pdftex.def)             Requested size: 290.22105pt x 197.87814pt.

LaTeX Warning: Reference `chap:the_second_law_of_thermodynamics' on page 43 und
efined on input line 33.

[43 </home/Chiaki/PhyAI/chapter3/3_2.png> </home/Chiaki/PhyAI/chapter3/3_3.png>
]
<~/PhyAI/chapter3/3_4.png, id=465, 731.73375pt x 388.45125pt>
File: ~/PhyAI/chapter3/3_4.png Graphic file (type png)
<use ~/PhyAI/chapter3/3_4.png>
Package pdftex.def Info: ~/PhyAI/chapter3/3_4.png  used on input line 44.
(pdftex.def)             Requested size: 362.77263pt x 192.58328pt.
[44 </home/Chiaki/PhyAI/chapter3/3_4.png>]

LaTeX Warning: Reference `chap:the_second_law_of_thermodynamics' on page 45 und
efined on input line 69.

<~/PhyAI/chapter3/3_5.png, id=475, 849.1725pt x 605.26125pt>
File: ~/PhyAI/chapter3/3_5.png Graphic file (type png)
<use ~/PhyAI/chapter3/3_5.png>
Package pdftex.def Info: ~/PhyAI/chapter3/3_5.png  used on input line 105.
(pdftex.def)             Requested size: 338.5863pt x 241.33365pt.

Overfull \hbox (26.12953pt too wide) in paragraph at lines 69--108
\OT1/cmr/m/n/12 In this sec-tion, we de-velop the con-nec-tion among three phys
-i-cal quan-ti-ties: $([]\OML/cmm/m/it/12 ; []; []\OT1/cmr/m/n/12 )$.
 []

[45] [46 </home/Chiaki/PhyAI/chapter3/3_5.png>]

LaTeX Warning: Reference `The Equipartition Theorem' on page 47 undefined on in
put line 138.


LaTeX Warning: Reference `sub:_n_and_q_are_large_values' on page 47 undefined o
n input line 138.


LaTeX Warning: Reference `Total Internal Energy' on page 47 undefined on input 
line 140.

[47]

LaTeX Warning: Reference `The Entropy of Ideal Gas' on page 48 undefined on inp
ut line 152.


LaTeX Warning: Reference `The Third Definition of Temperature' on page 48 undef
ined on input line 160.


LaTeX Warning: Reference `The Equipartition Theorem' on page 48 undefined on in
put line 170.

[48]

LaTeX Warning: Reference `The Third Definition of Temperature' on page 49 undef
ined on input line 196.

[49]

LaTeX Warning: Reference `fig:2_11' on page 50 undefined on input line 220.


LaTeX Warning: Reference `fig:2_12' on page 50 undefined on input line 220.

[50]

LaTeX Warning: Reference `The Macroscopic View of Entropy' on page 51 undefined
 on input line 244.


LaTeX Warning: Reference `fig:2_14' on page 51 undefined on input line 249.

[51]
<~/PhyAI/chapter3/3_6.png, id=535, 640.3925pt x 450.68375pt>
File: ~/PhyAI/chapter3/3_6.png Graphic file (type png)
<use ~/PhyAI/chapter3/3_6.png>
Package pdftex.def Info: ~/PhyAI/chapter3/3_6.png  used on input line 305.
(pdftex.def)             Requested size: 314.39998pt x 221.26332pt.
[52]
<~/PhyAI/chapter3/3_7.png, id=547, 566.115pt x 435.6275pt>
File: ~/PhyAI/chapter3/3_7.png Graphic file (type png)
<use ~/PhyAI/chapter3/3_7.png>
Package pdftex.def Info: ~/PhyAI/chapter3/3_7.png  used on input line 322.
(pdftex.def)             Requested size: 314.39998pt x 241.93565pt.
[53 </home/Chiaki/PhyAI/chapter3/3_6.png> </home/Chiaki/PhyAI/chapter3/3_7.png>
]
<~/PhyAI/chapter3/3_8.png, id=557, 738.76pt x 432.61626pt>
File: ~/PhyAI/chapter3/3_8.png Graphic file (type png)
<use ~/PhyAI/chapter3/3_8.png>
Package pdftex.def Info: ~/PhyAI/chapter3/3_8.png  used on input line 337.
(pdftex.def)             Requested size: 362.77263pt x 212.4393pt.
) (./chapter4/chapter4.tex [54 </home/Chiaki/PhyAI/chapter3/3_8.png>]
Chapter 4.
<~/PhyAI/chapter4/4_1.png, id=570, 457.71pt x 460.72125pt>
File: ~/PhyAI/chapter4/4_1.png Graphic file (type png)
<use ~/PhyAI/chapter4/4_1.png>
Package pdftex.def Info: ~/PhyAI/chapter4/4_1.png  used on input line 15.
(pdftex.def)             Requested size: 193.47577pt x 194.74591pt.
[55

 </home/Chiaki/PhyAI/chapter4/4_1.png>]

LaTeX Warning: Reference `Enthalpy Definition' on page 56 undefined on input li
ne 33.

[56]
<~/PhyAI/chapter4/4_2.png, id=586, 694.595pt x 551.05875pt>
File: ~/PhyAI/chapter4/4_2.png Graphic file (type png)
<use ~/PhyAI/chapter4/4_2.png>
Package pdftex.def Info: ~/PhyAI/chapter4/4_2.png  used on input line 52.
(pdftex.def)             Requested size: 290.22105pt x 230.25749pt.
[57 </home/Chiaki/PhyAI/chapter4/4_2.png>]
<~/PhyAI/chapter4/4_3.png, id=594, 508.90125pt x 374.39874pt>
File: ~/PhyAI/chapter4/4_3.png Graphic file (type png)
<use ~/PhyAI/chapter4/4_3.png>
Package pdftex.def Info: ~/PhyAI/chapter4/4_3.png  used on input line 96.
(pdftex.def)             Requested size: 241.84842pt x 177.92694pt.
[58]

LaTeX Warning: Reference `The Thermodynamics Identity' on page 59 undefined on 
input line 102.

) (./chapter5/chapter5.tex [59 </home/Chiaki/PhyAI/chapter4/4_3.png>]
Chapter 5.
<~/PhyAI/chapter5/5_1.png, id=609, 646.415pt x 468.75125pt>
File: ~/PhyAI/chapter5/5_1.png Graphic file (type png)
<use ~/PhyAI/chapter5/5_1.png>
Package pdftex.def Info: ~/PhyAI/chapter5/5_1.png  used on input line 8.
(pdftex.def)             Requested size: 290.22105pt x 210.45688pt.

LaTeX Warning: Reference `The Thermodynamics Identity' on page 60 undefined on 
input line 18.

[60

 </home/Chiaki/PhyAI/chapter5/5_1.png>]

LaTeX Warning: Reference `The Equipartition Theorem' on page 61 undefined on in
put line 52.


LaTeX Warning: Reference `sec:the_ideal_gas_model' on page 61 undefined on inpu
t line 70.

<~/PhyAI/chapter5/5_2.png, id=617, 588.1975pt x 382.42876pt>
File: ~/PhyAI/chapter5/5_2.png Graphic file (type png)
<use ~/PhyAI/chapter5/5_2.png>
Package pdftex.def Info: ~/PhyAI/chapter5/5_2.png  used on input line 73.
(pdftex.def)             Requested size: 314.39998pt x 204.41354pt.
[61] [62 </home/Chiaki/PhyAI/chapter5/5_2.png>]) (./chapter6/chapter6.tex [63]
Chapter 6.
<~/PhyAI/chapter6/6_1.png, id=636, 702.625pt x 457.71pt>
File: ~/PhyAI/chapter6/6_1.png Graphic file (type png)
<use ~/PhyAI/chapter6/6_1.png>
Package pdftex.def Info: ~/PhyAI/chapter6/6_1.png  used on input line 10.
(pdftex.def)             Requested size: 241.84842pt x 157.54695pt.
<~/PhyAI/chapter6/6_2.png, id=637, 558.085pt x 441.65pt>
File: ~/PhyAI/chapter6/6_2.png Graphic file (type png)
<use ~/PhyAI/chapter6/6_2.png>
Package pdftex.def Info: ~/PhyAI/chapter6/6_2.png  used on input line 19.
(pdftex.def)             Requested size: 241.84842pt x 191.38838pt.
[64

 </home/Chiaki/PhyAI/chapter6/6_1.png>]
<~/PhyAI/chapter6/6_3.png, id=647, 781.92125pt x 491.8375pt>
File: ~/PhyAI/chapter6/6_3.png Graphic file (type png)
<use ~/PhyAI/chapter6/6_3.png>
Package pdftex.def Info: ~/PhyAI/chapter6/6_3.png  used on input line 38.
(pdftex.def)             Requested size: 322.46701pt x 202.83293pt.
[65 </home/Chiaki/PhyAI/chapter6/6_2.png>]
<~/PhyAI/chapter6/6_4.png, id=655, 1161.33875pt x 476.78125pt>
File: ~/PhyAI/chapter6/6_4.png Graphic file (type png)
<use ~/PhyAI/chapter6/6_4.png>
Package pdftex.def Info: ~/PhyAI/chapter6/6_4.png  used on input line 48.
(pdftex.def)             Requested size: 483.69684pt x 198.58075pt.
<~/PhyAI/chapter6/6_5.png, id=656, 1136.245pt x 478.78876pt>
File: ~/PhyAI/chapter6/6_5.png Graphic file (type png)
<use ~/PhyAI/chapter6/6_5.png>
Package pdftex.def Info: ~/PhyAI/chapter6/6_5.png  used on input line 55.
(pdftex.def)             Requested size: 483.69684pt x 203.82224pt.
<~/PhyAI/chapter6/6_6.png, id=657, 1040.88875pt x 497.86pt>
File: ~/PhyAI/chapter6/6_6.png Graphic file (type png)
<use ~/PhyAI/chapter6/6_6.png>
Package pdftex.def Info: ~/PhyAI/chapter6/6_6.png  used on input line 61.
(pdftex.def)             Requested size: 459.51051pt x 219.78076pt.
[66 </home/Chiaki/PhyAI/chapter6/6_3.png> </home/Chiaki/PhyAI/chapter6/6_4.png>
]
<~/PhyAI/chapter6/6_7.png, id=669, 956.57375pt x 376.40625pt>
File: ~/PhyAI/chapter6/6_7.png Graphic file (type png)
<use ~/PhyAI/chapter6/6_7.png>
Package pdftex.def Info: ~/PhyAI/chapter6/6_7.png  used on input line 71.
(pdftex.def)             Requested size: 362.77263pt x 142.74867pt.
[67 </home/Chiaki/PhyAI/chapter6/6_5.png> </home/Chiaki/PhyAI/chapter6/6_6.png>
]
<~/PhyAI/chapter6/6_8.png, id=679, 475.7775pt x 304.13625pt>
File: ~/PhyAI/chapter6/6_8.png Graphic file (type png)
<use ~/PhyAI/chapter6/6_8.png>
Package pdftex.def Info: ~/PhyAI/chapter6/6_8.png  used on input line 88.
(pdftex.def)             Requested size: 241.84842pt x 154.60158pt.
[68 </home/Chiaki/PhyAI/chapter6/6_7.png>]
<~/PhyAI/chapter6/6_9.png, id=691, 653.44125pt x 634.37pt>
File: ~/PhyAI/chapter6/6_9.png Graphic file (type png)
<use ~/PhyAI/chapter6/6_9.png>
Package pdftex.def Info: ~/PhyAI/chapter6/6_9.png  used on input line 101.
(pdftex.def)             Requested size: 241.84842pt x 234.78098pt.
<~/PhyAI/chapter6/6_10.png, id=692, 1037.8775pt x 468.75125pt>
File: ~/PhyAI/chapter6/6_10.png Graphic file (type png)
<use ~/PhyAI/chapter6/6_10.png>
Package pdftex.def Info: ~/PhyAI/chapter6/6_10.png  used on input line 108.
(pdftex.def)             Requested size: 386.95894pt x 174.77277pt.
[69 </home/Chiaki/PhyAI/chapter6/6_8.png> </home/Chiaki/PhyAI/chapter6/6_9.png>
]

LaTeX Warning: Reference `The Third Definition of Temperature' on page 70 undef
ined on input line 112.

! Undefined control sequence.
l.112 ...very unstable, corresponds to $N_{\upward
                                                  }\to (N/2)^-$ and $N_{\upw...
The control sequence at the end of the top line
of your error message was never \def'ed. If you have
misspelled it (e.g., `\hobx'), type `I' and the correct
spelling (e.g., `I\hbox'). Otherwise just continue,
and I'll forget about whatever was undefined.

! Undefined control sequence.
l.112 ... $N_{\upward}\to (N/2)^-$ and $N_{\upward
                                                  }\to (N/2)^+$. Maybe the "...
The control sequence at the end of the top line
of your error message was never \def'ed. If you have
misspelled it (e.g., `\hobx'), type `I' and the correct
spelling (e.g., `I\hbox'). Otherwise just continue,
and I'll forget about whatever was undefined.

<~/PhyAI/chapter6/6_11.png, id=699, 1115.16624pt x 458.71375pt>
File: ~/PhyAI/chapter6/6_11.png Graphic file (type png)
<use ~/PhyAI/chapter6/6_11.png>
Package pdftex.def Info: ~/PhyAI/chapter6/6_11.png  used on input line 115.
(pdftex.def)             Requested size: 386.95894pt x 159.16634pt.
[70 </home/Chiaki/PhyAI/chapter6/6_10.png> </home/Chiaki/PhyAI/chapter6/6_11.pn
g>]

LaTeX Warning: Reference `Boltzmann Distribution' on page 71 undefined on input
 line 163.

[71]
<~/PhyAI/chapter6/6_12.png, id=713, 943.525pt x 424.58624pt>
File: ~/PhyAI/chapter6/6_12.png Graphic file (type png)
<use ~/PhyAI/chapter6/6_12.png>
Package pdftex.def Info: ~/PhyAI/chapter6/6_12.png  used on input line 187.
(pdftex.def)             Requested size: 411.14526pt x 185.01746pt.
[72 </home/Chiaki/PhyAI/chapter6/6_12.png>]
<~/PhyAI/chapter6/6_13.png, id=720, 457.71pt x 272.01625pt>
File: ~/PhyAI/chapter6/6_13.png Graphic file (type png)
<use ~/PhyAI/chapter6/6_13.png>
Package pdftex.def Info: ~/PhyAI/chapter6/6_13.png  used on input line 198.
(pdftex.def)             Requested size: 241.84842pt x 143.72795pt.
<~/PhyAI/chapter6/6_14.png, id=721, 480.79625pt x 327.2225pt>
File: ~/PhyAI/chapter6/6_14.png Graphic file (type png)
<use ~/PhyAI/chapter6/6_14.png>
Package pdftex.def Info: ~/PhyAI/chapter6/6_14.png  used on input line 210.
(pdftex.def)             Requested size: 314.39998pt x 213.98029pt.
[73 </home/Chiaki/PhyAI/chapter6/6_13.png>]
<~/PhyAI/chapter6/6_15.png, id=729, 785.93625pt x 541.02126pt>
File: ~/PhyAI/chapter6/6_15.png Graphic file (type png)
<use ~/PhyAI/chapter6/6_15.png>
Package pdftex.def Info: ~/PhyAI/chapter6/6_15.png  used on input line 229.
(pdftex.def)             Requested size: 314.39998pt x 216.42943pt.
[74 </home/Chiaki/PhyAI/chapter6/6_14.png>]
Package hyperref Info: bookmark level for unknown algorithm defaults to 0 on in
put line 240.

! LaTeX Error: There's no line here to end.

See the LaTeX manual or LaTeX Companion for explanation.
Type  H <return>  for immediate help.
 ...                                              
                                                  
l.252 \\T
         o fully understand how it works, I will try to explain using the ex...

Your command was ignored.
Type  I <command> <return>  to replace it with another command,
or  <return>  to continue without it.

<~/PhyAI/chapter6/6_16.png, id=736, 774.895pt x 492.84125pt>
File: ~/PhyAI/chapter6/6_16.png Graphic file (type png)
<use ~/PhyAI/chapter6/6_16.png>
Package pdftex.def Info: ~/PhyAI/chapter6/6_16.png  used on input line 256.
(pdftex.def)             Requested size: 314.39998pt x 199.96057pt.
[75 </home/Chiaki/PhyAI/chapter6/6_15.png>]
<~/PhyAI/chapter6/6_17.png, id=743, 926.46124pt x 469.755pt>
File: ~/PhyAI/chapter6/6_17.png Graphic file (type png)
<use ~/PhyAI/chapter6/6_17.png>
Package pdftex.def Info: ~/PhyAI/chapter6/6_17.png  used on input line 264.
(pdftex.def)             Requested size: 411.14526pt x 208.47047pt.
! Missing \endcsname inserted.
<to be read again> 
                   \ALG@currentblock@0 
l.275 		\State
               \text{Generate a random $N\times N$ Ising model}
The control sequence marked <to be read again> should
not appear between \csname and \endcsname.

! Extra \endcsname.
\ALG@makebeginrepeat ...\ALG@thisblock \endcsname 
                                                  \relax \def \ALG@thisblock...
l.275 		\State
               \text{Generate a random $N\times N$ Ising model}
I'm ignoring this, since I wasn't doing a \csname.

! Missing \endcsname inserted.
<to be read again> 
                   \ALG@currentblock@0 
l.276 		\For
             {$\text{interation}=1$ \text{to} $\text{interation}=10000$}
The control sequence marked <to be read again> should
not appear between \csname and \endcsname.

! Extra \endcsname.
\ALG@makebeginrepeat ...\ALG@thisblock \endcsname 
                                                  \relax \def \ALG@thisblock...
l.276 		\For
             {$\text{interation}=1$ \text{to} $\text{interation}=10000$}
I'm ignoring this, since I wasn't doing a \csname.

! Missing \endcsname inserted.
<to be read again> 
                   \ALG@currentblock@0 
l.287 		\Function
                 {DeltaU}{$i,j$}
The control sequence marked <to be read again> should
not appear between \csname and \endcsname.

! Extra \endcsname.
\ALG@makebeginrepeat ...\ALG@thisblock \endcsname 
                                                  \relax \def \ALG@thisblock...
l.287 		\Function
                 {DeltaU}{$i,j$}
I'm ignoring this, since I wasn't doing a \csname.

<~/PhyAI/chapter6/6_19.png, id=744, 1058.95625pt x 615.29875pt>
File: ~/PhyAI/chapter6/6_19.png Graphic file (type png)
<use ~/PhyAI/chapter6/6_19.png>
Package pdftex.def Info: ~/PhyAI/chapter6/6_19.png  used on input line 295.
(pdftex.def)             Requested size: 411.14526pt x 238.89523pt.
[76 </home/Chiaki/PhyAI/chapter6/6_16.png> </home/Chiaki/PhyAI/chapter6/6_17.pn
g>]) [77 </home/Chiaki/PhyAI/chapter6/6_19.png>] (./phyai.aux)

LaTeX Warning: There were undefined references.


LaTeX Warning: Label(s) may have changed. Rerun to get cross-references right.


Package rerunfilecheck Warning: File `phyai.out' has changed.
(rerunfilecheck)                Rerun to get outlines right
(rerunfilecheck)                or use package `bookmark'.

Package rerunfilecheck Info: Checksums for `phyai.out':
(rerunfilecheck)             Before: D41D8CD98F00B204E9800998ECF8427E;0
(rerunfilecheck)             After:  A476CD1F1FF8FCF16819388D1226EBA5;9824.
 ) 
Here is how much of TeX's memory you used:
 29497 strings out of 476091
 600348 string characters out of 5794082
 1872330 words of memory out of 5000000
 48939 multiletter control sequences out of 15000+600000
 530302 words of font info for 101 fonts, out of 8000000 for 9000
 1141 hyphenation exceptions out of 8191
 99i,21n,103p,1174b,1167s stack positions out of 10000i,1000n,20000p,200000b,200000s

pdfTeX warning (dest): name{definition.1.3.2} has been referenced but does not 
exist, replaced by a fixed one


pdfTeX warning (dest): name{theorem.2.1.1} has been referenced but does not exi
st, replaced by a fixed one


pdfTeX warning (dest): name{definition.1.3.3} has been referenced but does not 
exist, replaced by a fixed one


pdfTeX warning (dest): name{}=1$ \text{to} $\text{interation}=10000$}
I'm ignoring this, since I wasn't doing a \csname.

./chapter6/chapter6.tex:287: Missing \endcsname inserted.
<to be read again> 
                   \ALG@currentblock@0 
l.287 		\Function
                 {DeltaU}{$i,j$}
The control sequence marked <to be read again> should
not appear between \csname and \endcsname.

./chapter6/chapter6.tex:287: Extra \endcsname.
\ALG@makebeginrepeat ...\ALG@thisblock \endcsname 
                                                  \relax \def \ALG@thisblock...
l.287 		\Function
                 {DeltaU}{$i,j$}
I'm ignoring this, since I wasn't doing a \csname.

<~/PhyAI/chapter6/6_19.png, id=726, 1058.95625pt x 615.29875pt>
File: ~/PhyAI/chapter6/6_19.png Graphic file (type png)
<use ~/PhyAI/chapter6/6_19.png>
Package pdftex.def Info: ~/PhyAI/chapter6/6_19.png  used on input line 295.
(pdftex.def)             Requested size: 411.14526pt x 238.89523pt.
[76 </home/Chiaki/PhyAI/chapter6/6_16.png> </home/Chiaki/PhyAI/chapter6/6_17.png>]) [77 </home/Chiaki/PhyAI/chapter6/6_19.png>] (./phyai.aux)

LaTeX Warning: There were undefined references.


LaTeX Warning: Label(s) may have changed. Rerun to get cross-references right.


Package rerunfilecheck Warning: File `phyai.out' has changed.
(rerunfilecheck)                Rerun to get outlines right
(rerunfilecheck)                or use package `bookmark'.

Package rerunfilecheck Info: Checksums for `phyai.out':
(rerunfilecheck)             Before: D41D8CD98F00B204E9800998ECF8427E;0
(rerunfilecheck)             After:  A476CD1F1FF8FCF16819388D1226EBA5;9824.
 ) 
Here is how much of TeX's memory you used:
 29491 strings out of 476091
 600253 string characters out of 5794082
 1873330 words of memory out of 5000000
 48939 multiletter control sequences out of 15000+600000
 530302 words of font info for 101 fonts, out of 8000000 for 9000
 1141 hyphenation exceptions out of 8191
 99i,21n,103p,1174b,1163s stack positions out of 10000i,1000n,20000p,200000b,200000s
{/usr/share/texmf/fonts/enc/dvips/cm-super/cm-super-ts1.enc}</usr/share/texlive/texmf-dist/fonts/type1/public/amsfonts/cm/cmbx10.pfb></usr/share/texlive/texmf-dist/fonts/type1/public/amsfonts/cm/cmbx12.pfb></usr/share/texlive/texmf-dist/fonts/type1/public/amsfonts/cm/cmbx8.pfb></usr/share/texlive/texmf-dist/fonts/type1/public/amsfonts/cm/cmbxti10.pfb></usr/share/texlive/texmf-dist/fonts/type1/public/amsfonts/cm/cmcsc10.pfb></usr/share/texlive/texmf-dist/fonts/type1/public/amsfonts/cm/cmex10.pfb></usr/share/texlive/texmf-dist/fonts/type1/public/amsfonts/cm/cmmi10.pfb></usr/share/texlive/texmf-dist/fonts/type1/public/amsfonts/cm/cmmi12.pfb></usr/share/texlive/texmf-dist/fonts/type1/public/amsfonts/cm/cmmi6.pfb></usr/share/texlive/texmf-dist/fonts/type1/public/amsfonts/cm/cmmi7.pfb></usr/share/texlive/texmf-dist/fonts/type1/public/amsfonts/cm/cmmi8.pfb></usr/share/texlive/texmf-dist/fonts/type1/public/amsfonts/cm/cmr10.pfb></usr/share/texlive/texmf-dist/fonts/type1/public/amsfonts/cm/cmr12.pfb></usr/share/texlive/texmf-dist/fonts/type1/public/amsfonts/cm/cmr17.pfb></usr/share/texlive/texmf-dist/fonts/type1/public/amsfonts/cm/cmr6.pfb></usr/share/texlive/texmf-dist/fonts/type1/public/amsfonts/cm/cmr7.pfb></usr/share/texlive/texmf-dist/fonts/type1/public/amsfonts/cm/cmr8.pfb></usr/share/texlive/texmf-dist/fonts/type1/public/amsfonts/cm/cmsy10.pfb></usr/share/texlive/texmf-dist/fonts/type1/public/amsfonts/cm/cmsy6.pfb></usr/share/texlive/texmf-dist/fonts/type1/public/amsfonts/cm/cmsy7.pfb></usr/share/texlive/texmf-dist/fonts/type1/public/amsfonts/cm/cmsy8.pfb></usr/share/texlive/texmf-dist/fonts/type1/public/amsfonts/cm/cmti10.pfb></usr/share/texlive/texmf-dist/fonts/type1/public/amsfonts/cm/cmti12.pfb></usr/share/texlive/texmf-dist/fonts/type1/public/amsfonts/cm/cmtt12.pfb></usr/share/texlive/texmf-dist/fonts/type1/public/amsfonts/symbols/msbm10.pfb></usr/share/texmf/fonts/type1/public/cm-super/sfrm1200.pfb>
Output written on phyai.pdf (79 pages, 2080679 bytes).
PDF statistics:
 924 PDF objects out of 1000 (max. 8388607)
 722 compressed objects within 8 object streams
 333 named destinations out of 1000 (max. 500000)
 318 words of extra memory for PDF output out of 10000 (max. 10000000)

