INFO:  latexindent version 3.20.1, 2023-01-07, a script to indent .tex files
       latexindent lives here: /usr/share/texlive/texmf-dist/scripts/latexindent/
       Mon May 11 23:34:24 2026
       Filename: chapter3.tex
INFO:  Processing switches:
       -s|--silent: Silent mode active (you have used either -s or --silent)
       -w|--overwrite: Overwrite mode active, will make a back up before overwriting
       -y|--yaml: YAML settings specified via command line
INFO:  Directory for backup files and indent.log:
       .
INFO:  YAML settings read: defaultSettings.yaml
       Reading defaultSettings.yaml from /usr/share/texlive/texmf-dist/scripts/latexindent/defaultSettings.yaml
INFO:  YAML reading settings
       Home directory is /home/Chiaki
       latexindent.pl didn't find indentconfig.yaml or .indentconfig.yaml
       see all possible locations: https://latexindentpl.readthedocs.io/en/latest/sec-appendices.html#indentconfig-options)
INFO:  -l switch used without filename, will search for the following files in turn:
       localSettings.yaml,latexindent.yaml,.localSettings.yaml,.latexindent.yaml
INFO:  YAML settings read: -l switch
       Multiple localSettings found, separated by commas:
       localSettings.yaml, latexindent.yaml, .localSettings.yaml, .latexindent.yaml
WARN:  yaml file not found: localSettings.yaml not found. Proceeding without it.
WARN:  yaml file not found: latexindent.yaml not found. Proceeding without it.
WARN:  yaml file not found: .localSettings.yaml not found. Proceeding without it.
WARN:  yaml file not found: .latexindent.yaml not found. Proceeding without it.
INFO:  YAML settings read: -y switch
       YAML setting: backup:0
       Updating mainSettings with backup: 0
INFO:  Backup procedure (-w flag active):
       ./chapter3.bak0 already exists, incrementing by 1... (see maxNumberOfBackUps and onlyOneBackUp)
       ./chapter3.bak1 already exists, incrementing by 1... (see maxNumberOfBackUps and onlyOneBackUp)
       ./chapter3.bak2 already exists, incrementing by 1... (see maxNumberOfBackUps and onlyOneBackUp)
       ./chapter3.bak3 already exists, incrementing by 1... (see maxNumberOfBackUps and onlyOneBackUp)
       ./chapter3.bak4 already exists, incrementing by 1... (see maxNumberOfBackUps and onlyOneBackUp)
       ./chapter3.bak5 already exists, incrementing by 1... (see maxNumberOfBackUps and onlyOneBackUp)
       ./chapter3.bak6 already exists, incrementing by 1... (see maxNumberOfBackUps and onlyOneBackUp)
       ./chapter3.bak7 already exists, incrementing by 1... (see maxNumberOfBackUps and onlyOneBackUp)
       ./chapter3.bak8 already exists, incrementing by 1... (see maxNumberOfBackUps and onlyOneBackUp)
       ./chapter3.bak9 already exists, incrementing by 1... (see maxNumberOfBackUps and onlyOneBackUp)
       ./chapter3.bak10 already exists, incrementing by 1... (see maxNumberOfBackUps and onlyOneBackUp)
       ./chapter3.bak11 already exists, incrementing by 1... (see maxNumberOfBackUps and onlyOneBackUp)
       ./chapter3.bak12 already exists, incrementing by 1... (see maxNumberOfBackUps and onlyOneBackUp)
       ./chapter3.bak13 already exists, incrementing by 1... (see maxNumberOfBackUps and onlyOneBackUp)
       ./chapter3.bak14 already exists, incrementing by 1... (see maxNumberOfBackUps and onlyOneBackUp)
       ./chapter3.bak15 already exists, incrementing by 1... (see maxNumberOfBackUps and onlyOneBackUp)
       ./chapter3.bak16 already exists, incrementing by 1... (see maxNumberOfBackUps and onlyOneBackUp)
       ./chapter3.bak17 already exists, incrementing by 1... (see maxNumberOfBackUps and onlyOneBackUp)
       ./chapter3.bak18 already exists, incrementing by 1... (see maxNumberOfBackUps and onlyOneBackUp)
       ./chapter3.bak19 already exists, incrementing by 1... (see maxNumberOfBackUps and onlyOneBackUp)
       ./chapter3.bak20 already exists, incrementing by 1... (see maxNumberOfBackUps and onlyOneBackUp)
       ./chapter3.bak21 already exists, incrementing by 1... (see maxNumberOfBackUps and onlyOneBackUp)
       ./chapter3.bak22 already exists, incrementing by 1... (see maxNumberOfBackUps and onlyOneBackUp)
       ./chapter3.bak23 already exists, incrementing by 1... (see maxNumberOfBackUps and onlyOneBackUp)
       ./chapter3.bak24 already exists, incrementing by 1... (see maxNumberOfBackUps and onlyOneBackUp)
       ./chapter3.bak25 already exists, incrementing by 1... (see maxNumberOfBackUps and onlyOneBackUp)
       ./chapter3.bak26 already exists, incrementing by 1... (see maxNumberOfBackUps and onlyOneBackUp)
       ./chapter3.bak27 already exists, incrementing by 1... (see maxNumberOfBackUps and onlyOneBackUp)
       ./chapter3.bak28 already exists, incrementing by 1... (see maxNumberOfBackUps and onlyOneBackUp)
       ./chapter3.bak29 already exists, incrementing by 1... (see maxNumberOfBackUps and onlyOneBackUp)
       ./chapter3.bak30 already exists, incrementing by 1... (see maxNumberOfBackUps and onlyOneBackUp)
       ./chapter3.bak31 already exists, incrementing by 1... (see maxNumberOfBackUps and onlyOneBackUp)
       ./chapter3.bak32 already exists, incrementing by 1... (see maxNumberOfBackUps and onlyOneBackUp)
       ./chapter3.bak33 already exists, incrementing by 1... (see maxNumberOfBackUps and onlyOneBackUp)
       ./chapter3.bak34 already exists, incrementing by 1... (see maxNumberOfBackUps and onlyOneBackUp)
       ./chapter3.bak35 already exists, incrementing by 1... (see maxNumberOfBackUps and onlyOneBackUp)
       ./chapter3.bak36 already exists, incrementing by 1... (see maxNumberOfBackUps and onlyOneBackUp)
       ./chapter3.bak37 already exists, incrementing by 1... (see maxNumberOfBackUps and onlyOneBackUp)
       ./chapter3.bak38 already exists, incrementing by 1... (see maxNumberOfBackUps and onlyOneBackUp)
       ./chapter3.bak39 already exists, incrementing by 1... (see maxNumberOfBackUps and onlyOneBackUp)
       ./chapter3.bak40 already exists, incrementing by 1... (see maxNumberOfBackUps and onlyOneBackUp)
       ./chapter3.bak41 already exists, incrementing by 1... (see maxNumberOfBackUps and onlyOneBackUp)
       ./chapter3.bak42 already exists, incrementing by 1... (see maxNumberOfBackUps and onlyOneBackUp)
       ./chapter3.bak43 already exists, incrementing by 1... (see maxNumberOfBackUps and onlyOneBackUp)
       ./chapter3.bak44 already exists, incrementing by 1... (see maxNumberOfBackUps and onlyOneBackUp)
       ./chapter3.bak45 already exists, incrementing by 1... (see maxNumberOfBackUps and onlyOneBackUp)
       ./chapter3.bak46 already exists, incrementing by 1... (see maxNumberOfBackUps and onlyOneBackUp)
       ./chapter3.bak47 already exists, incrementing by 1... (see maxNumberOfBackUps and onlyOneBackUp)
       ./chapter3.bak48 already exists, incrementing by 1... (see maxNumberOfBackUps and onlyOneBackUp)
       ./chapter3.bak49 already exists, incrementing by 1... (see maxNumberOfBackUps and onlyOneBackUp)
       ./chapter3.bak50 already exists, incrementing by 1... (see maxNumberOfBackUps and onlyOneBackUp)
       ./chapter3.bak51 already exists, incrementing by 1... (see maxNumberOfBackUps and onlyOneBackUp)
       ./chapter3.bak52 already exists, incrementing by 1... (see maxNumberOfBackUps and onlyOneBackUp)
       ./chapter3.bak53 already exists, incrementing by 1... (see maxNumberOfBackUps and onlyOneBackUp)
       ./chapter3.bak54 already exists, incrementing by 1... (see maxNumberOfBackUps and onlyOneBackUp)
       ./chapter3.bak55 already exists, incrementing by 1... (see maxNumberOfBackUps and onlyOneBackUp)
       ./chapter3.bak56 already exists, incrementing by 1... (see maxNumberOfBackUps and onlyOneBackUp)
       ./chapter3.bak57 already exists, incrementing by 1... (see maxNumberOfBackUps and onlyOneBackUp)
       ./chapter3.bak58 already exists, incrementing by 1... (see maxNumberOfBackUps and onlyOneBackUp)
       ./chapter3.bak59 already exists, incrementing by 1... (see maxNumberOfBackUps and onlyOneBackUp)
       ./chapter3.bak60 already exists, incrementing by 1... (see maxNumberOfBackUps and onlyOneBackUp)
       ./chapter3.bak61 already exists, incrementing by 1... (see maxNumberOfBackUps and onlyOneBackUp)
       ./chapter3.bak62 already exists, incrementing by 1... (see maxNumberOfBackUps and onlyOneBackUp)
       ./chapter3.bak63 already exists, incrementing by 1... (see maxNumberOfBackUps and onlyOneBackUp)
       ./chapter3.bak64 already exists, incrementing by 1... (see maxNumberOfBackUps and onlyOneBackUp)
       ./chapter3.bak65 already exists, incrementing by 1... (see maxNumberOfBackUps and onlyOneBackUp)
       ./chapter3.bak66 already exists, incrementing by 1... (see maxNumberOfBackUps and onlyOneBackUp)
       ./chapter3.bak67 already exists, incrementing by 1... (see maxNumberOfBackUps and onlyOneBackUp)
       ./chapter3.bak68 already exists, incrementing by 1... (see maxNumberOfBackUps and onlyOneBackUp)
       ./chapter3.bak69 already exists, incrementing by 1... (see maxNumberOfBackUps and onlyOneBackUp)
       ./chapter3.bak70 already exists, incrementing by 1... (see maxNumberOfBackUps and onlyOneBackUp)
       ./chapter3.bak71 already exists, incrementing by 1... (see maxNumberOfBackUps and onlyOneBackUp)
       ./chapter3.bak72 already exists, incrementing by 1... (see maxNumberOfBackUps and onlyOneBackUp)
       ./chapter3.bak73 already exists, incrementing by 1... (see maxNumberOfBackUps and onlyOneBackUp)
       ./chapter3.bak74 already exists, incrementing by 1... (see maxNumberOfBackUps and onlyOneBackUp)
       ./chapter3.bak75 already exists, incrementing by 1... (see maxNumberOfBackUps and onlyOneBackUp)
       ./chapter3.bak76 already exists, incrementing by 1... (see maxNumberOfBackUps and onlyOneBackUp)
       ./chapter3.bak77 already exists, incrementing by 1... (see maxNumberOfBackUps and onlyOneBackUp)
       ./chapter3.bak78 already exists, incrementing by 1... (see maxNumberOfBackUps and onlyOneBackUp)
       ./chapter3.bak79 already exists, incrementing by 1... (see maxNumberOfBackUps and onlyOneBackUp)
       ./chapter3.bak80 already exists, incrementing by 1... (see maxNumberOfBackUps and onlyOneBackUp)
       ./chapter3.bak81 already exists, incrementing by 1... (see maxNumberOfBackUps and onlyOneBackUp)
       ./chapter3.bak82 already exists, incrementing by 1... (see maxNumberOfBackUps and onlyOneBackUp)
       ./chapter3.bak83 already exists, incrementing by 1... (see maxNumberOfBackUps and onlyOneBackUp)
       ./chapter3.bak84 already exists, incrementing by 1... (see maxNumberOfBackUps and onlyOneBackUp)
       ./chapter3.bak85 already exists, incrementing by 1... (see maxNumberOfBackUps and onlyOneBackUp)
       ./chapter3.bak86 already exists, incrementing by 1... (see maxNumberOfBackUps and onlyOneBackUp)
       ./chapter3.bak87 already exists, incrementing by 1... (see maxNumberOfBackUps and onlyOneBackUp)
       ./chapter3.bak88 already exists, incrementing by 1... (see maxNumberOfBackUps and onlyOneBackUp)
       ./chapter3.bak89 already exists, incrementing by 1... (see maxNumberOfBackUps and onlyOneBackUp)
       ./chapter3.bak90 already exists, incrementing by 1... (see maxNumberOfBackUps and onlyOneBackUp)
       ./chapter3.bak91 already exists, incrementing by 1... (see maxNumberOfBackUps and onlyOneBackUp)
       ./chapter3.bak92 already exists, incrementing by 1... (see maxNumberOfBackUps and onlyOneBackUp)
       ./chapter3.bak93 already exists, incrementing by 1... (see maxNumberOfBackUps and onlyOneBackUp)
       ./chapter3.bak94 already exists, incrementing by 1... (see maxNumberOfBackUps and onlyOneBackUp)
       ./chapter3.bak95 already exists, incrementing by 1... (see maxNumberOfBackUps and onlyOneBackUp)
       ./chapter3.bak96 already exists, incrementing by 1... (see maxNumberOfBackUps and onlyOneBackUp)
       ./chapter3.bak97 already exists, incrementing by 1... (see maxNumberOfBackUps and onlyOneBackUp)
       ./chapter3.bak98 already exists, incrementing by 1... (see maxNumberOfBackUps and onlyOneBackUp)
       ./chapter3.bak99 already exists, incrementing by 1... (see maxNumberOfBackUps and onlyOneBackUp)
       ./chapter3.bak100 already exists, incrementing by 1... (see maxNumberOfBackUps and onlyOneBackUp)
       ./chapter3.bak101 already exists, incrementing by 1... (see maxNumberOfBackUps and onlyOneBackUp)
       ./chapter3.bak102 already exists, incrementing by 1... (see maxNumberOfBackUps and onlyOneBackUp)
       ./chapter3.bak103 already exists, incrementing by 1... (see maxNumberOfBackUps and onlyOneBackUp)
       ./chapter3.bak104 already exists, incrementing by 1... (see maxNumberOfBackUps and onlyOneBackUp)
       ./chapter3.bak105 already exists, incrementing by 1... (see maxNumberOfBackUps and onlyOneBackUp)
       ./chapter3.bak106 already exists, incrementing by 1... (see maxNumberOfBackUps and onlyOneBackUp)
       ./chapter3.bak107 already exists, incrementing by 1... (see maxNumberOfBackUps and onlyOneBackUp)
       ./chapter3.bak108 already exists, incrementing by 1... (see maxNumberOfBackUps and onlyOneBackUp)
       ./chapter3.bak109 already exists, incrementing by 1... (see maxNumberOfBackUps and onlyOneBackUp)
       ./chapter3.bak110 already exists, incrementing by 1... (see maxNumberOfBackUps and onlyOneBackUp)
       ./chapter3.bak111 already exists, incrementing by 1... (see maxNumberOfBackUps and onlyOneBackUp)
       ./chapter3.bak112 already exists, incrementing by 1... (see maxNumberOfBackUps and onlyOneBackUp)
       ./chapter3.bak113 already exists, incrementing by 1... (see maxNumberOfBackUps and onlyOneBackUp)
       ./chapter3.bak114 already exists, incrementing by 1... (see maxNumberOfBackUps and onlyOneBackUp)
       ./chapter3.bak115 already exists, incrementing by 1... (see maxNumberOfBackUps and onlyOneBackUp)
       ./chapter3.bak116 already exists, incrementing by 1... (see maxNumberOfBackUps and onlyOneBackUp)
       ./chapter3.bak117 already exists, incrementing by 1... (see maxNumberOfBackUps and onlyOneBackUp)
       ./chapter3.bak118 already exists, incrementing by 1... (see maxNumberOfBackUps and onlyOneBackUp)
       ./chapter3.bak119 already exists, incrementing by 1... (see maxNumberOfBackUps and onlyOneBackUp)
       ./chapter3.bak120 already exists, incrementing by 1... (see maxNumberOfBackUps and onlyOneBackUp)
       ./chapter3.bak121 already exists, incrementing by 1... (see maxNumberOfBackUps and onlyOneBackUp)
       ./chapter3.bak122 already exists, incrementing by 1... (see maxNumberOfBackUps and onlyOneBackUp)
       ./chapter3.bak123 already exists, incrementing by 1... (see maxNumberOfBackUps and onlyOneBackUp)
       ./chapter3.bak124 already exists, incrementing by 1... (see maxNumberOfBackUps and onlyOneBackUp)
       ./chapter3.bak125 already exists, incrementing by 1... (see maxNumberOfBackUps and onlyOneBackUp)
       ./chapter3.bak126 already exists, incrementing by 1... (see maxNumberOfBackUps and onlyOneBackUp)
       ./chapter3.bak127 already exists, incrementing by 1... (see maxNumberOfBackUps and onlyOneBackUp)
       ./chapter3.bak128 already exists, incrementing by 1... (see maxNumberOfBackUps and onlyOneBackUp)
       ./chapter3.bak129 already exists, incrementing by 1... (see maxNumberOfBackUps and onlyOneBackUp)
       ./chapter3.bak130 already exists, incrementing by 1... (see maxNumberOfBackUps and onlyOneBackUp)
       ./chapter3.bak131 already exists, incrementing by 1... (see maxNumberOfBackUps and onlyOneBackUp)
       ./chapter3.bak132 already exists, incrementing by 1... (see maxNumberOfBackUps and onlyOneBackUp)
       ./chapter3.bak133 already exists, incrementing by 1... (see maxNumberOfBackUps and onlyOneBackUp)
       ./chapter3.bak134 already exists, incrementing by 1... (see maxNumberOfBackUps and onlyOneBackUp)
       ./chapter3.bak135 already exists, incrementing by 1... (see maxNumberOfBackUps and onlyOneBackUp)
       ./chapter3.bak136 already exists, incrementing by 1... (see maxNumberOfBackUps and onlyOneBackUp)
       ./chapter3.bak137 already exists, incrementing by 1... (see maxNumberOfBackUps and onlyOneBackUp)
       ./chapter3.bak138 already exists, incrementing by 1... (see maxNumberOfBackUps and onlyOneBackUp)
       ./chapter3.bak139 already exists, incrementing by 1... (see maxNumberOfBackUps and onlyOneBackUp)
       ./chapter3.bak140 already exists, incrementing by 1... (see maxNumberOfBackUps and onlyOneBackUp)
       ./chapter3.bak141 already exists, incrementing by 1... (see maxNumberOfBackUps and onlyOneBackUp)
       ./chapter3.bak142 already exists, incrementing by 1... (see maxNumberOfBackUps and onlyOneBackUp)
       ./chapter3.bak143 already exists, incrementing by 1... (see maxNumberOfBackUps and onlyOneBackUp)
       ./chapter3.bak144 already exists, incrementing by 1... (see maxNumberOfBackUps and onlyOneBackUp)
       ./chapter3.bak145 already exists, incrementing by 1... (see maxNumberOfBackUps and onlyOneBackUp)
       ./chapter3.bak146 already exists, incrementing by 1... (see maxNumberOfBackUps and onlyOneBackUp)
       ./chapter3.bak147 already exists, incrementing by 1... (see maxNumberOfBackUps and onlyOneBackUp)
       ./chapter3.bak148 already exists, incrementing by 1... (see maxNumberOfBackUps and onlyOneBackUp)
       ./chapter3.bak149 already exists, incrementing by 1... (see maxNumberOfBackUps and onlyOneBackUp)
       ./chapter3.bak150 already exists, incrementing by 1... (see maxNumberOfBackUps and onlyOneBackUp)
       ./chapter3.bak151 already exists, incrementing by 1... (see maxNumberOfBackUps and onlyOneBackUp)
       ./chapter3.bak152 already exists, incrementing by 1... (see maxNumberOfBackUps and onlyOneBackUp)
       ./chapter3.bak153 already exists, incrementing by 1... (see maxNumberOfBackUps and onlyOneBackUp)
       ./chapter3.bak154 already exists, incrementing by 1... (see maxNumberOfBackUps and onlyOneBackUp)
       ./chapter3.bak155 already exists, incrementing by 1... (see maxNumberOfBackUps and onlyOneBackUp)
       ./chapter3.bak156 already exists, incrementing by 1... (see maxNumberOfBackUps and onlyOneBackUp)
       ./chapter3.bak157 already exists, incrementing by 1... (see maxNumberOfBackUps and onlyOneBackUp)
       ./chapter3.bak158 already exists, incrementing by 1... (see maxNumberOfBackUps and onlyOneBackUp)
       ./chapter3.bak159 already exists, incrementing by 1... (see maxNumberOfBackUps and onlyOneBackUp)
       ./chapter3.bak160 already exists, incrementing by 1... (see maxNumberOfBackUps and onlyOneBackUp)
       ./chapter3.bak161 already exists, incrementing by 1... (see maxNumberOfBackUps and onlyOneBackUp)
       ./chapter3.bak162 already exists, incrementing by 1... (see maxNumberOfBackUps and onlyOneBackUp)
       ./chapter3.bak163 already exists, incrementing by 1... (see maxNumberOfBackUps and onlyOneBackUp)
       ./chapter3.bak164 already exists, incrementing by 1... (see maxNumberOfBackUps and onlyOneBackUp)
       ./chapter3.bak165 already exists, incrementing by 1... (see maxNumberOfBackUps and onlyOneBackUp)
       ./chapter3.bak166 already exists, incrementing by 1... (see maxNumberOfBackUps and onlyOneBackUp)
       ./chapter3.bak167 already exists, incrementing by 1... (see maxNumberOfBackUps and onlyOneBackUp)
       ./chapter3.bak168 already exists, incrementing by 1... (see maxNumberOfBackUps and onlyOneBackUp)
       ./chapter3.bak169 already exists, incrementing by 1... (see maxNumberOfBackUps and onlyOneBackUp)
       ./chapter3.bak170 already exists, incrementing by 1... (see maxNumberOfBackUps and onlyOneBackUp)
       ./chapter3.bak171 already exists, incrementing by 1... (see maxNumberOfBackUps and onlyOneBackUp)
       ./chapter3.bak172 already exists, incrementing by 1... (see maxNumberOfBackUps and onlyOneBackUp)
       ./chapter3.bak173 already exists, incrementing by 1... (see maxNumberOfBackUps and onlyOneBackUp)
       ./chapter3.bak174 already exists, incrementing by 1... (see maxNumberOfBackUps and onlyOneBackUp)
       ./chapter3.bak175 already exists, incrementing by 1... (see maxNumberOfBackUps and onlyOneBackUp)
       ./chapter3.bak176 already exists, incrementing by 1... (see maxNumberOfBackUps and onlyOneBackUp)
       ./chapter3.bak177 already exists, incrementing by 1... (see maxNumberOfBackUps and onlyOneBackUp)
       ./chapter3.bak178 already exists, incrementing by 1... (see maxNumberOfBackUps and onlyOneBackUp)
       ./chapter3.bak179 already exists, incrementing by 1... (see maxNumberOfBackUps and onlyOneBackUp)
       ./chapter3.bak180 already exists, incrementing by 1... (see maxNumberOfBackUps and onlyOneBackUp)
       ./chapter3.bak181 already exists, incrementing by 1... (see maxNumberOfBackUps and onlyOneBackUp)
       ./chapter3.bak182 already exists, incrementing by 1... (see maxNumberOfBackUps and onlyOneBackUp)
       ./chapter3.bak183 already exists, incrementing by 1... (see maxNumberOfBackUps and onlyOneBackUp)
       ./chapter3.bak184 already exists, incrementing by 1... (see maxNumberOfBackUps and onlyOneBackUp)
       ./chapter3.bak185 already exists, incrementing by 1... (see maxNumberOfBackUps and onlyOneBackUp)
       ./chapter3.bak186 already exists, incrementing by 1... (see maxNumberOfBackUps and onlyOneBackUp)
       ./chapter3.bak187 already exists, incrementing by 1... (see maxNumberOfBackUps and onlyOneBackUp)
       ./chapter3.bak188 already exists, incrementing by 1... (see maxNumberOfBackUps and onlyOneBackUp)
       ./chapter3.bak189 already exists, incrementing by 1... (see maxNumberOfBackUps and onlyOneBackUp)
       ./chapter3.bak190 already exists, incrementing by 1... (see maxNumberOfBackUps and onlyOneBackUp)
       ./chapter3.bak191 already exists, incrementing by 1... (see maxNumberOfBackUps and onlyOneBackUp)
       ./chapter3.bak192 already exists, incrementing by 1... (see maxNumberOfBackUps and onlyOneBackUp)
       ./chapter3.bak193 already exists, incrementing by 1... (see maxNumberOfBackUps and onlyOneBackUp)
       copying chapter3.tex to ./chapter3.bak194
       Backup file: ./chapter3.bak194
       chapter3.tex will be overwritten after indentation
INFO:  Phase 1: searching for objects
INFO:  Phase 2: finding surrounding indentation
INFO:  Phase 3: indenting objects
INFO:  Phase 4: final indentation check
INFO:  Output routine:
       Overwriting file chapter3.tex
       --------------
INFO:  Please direct all communication/issues to:
        https://github.com/cmhughes/latexindent.pl
