INFO:  latexindent version 3.20.1, 2023-01-07, a script to indent .tex files
       latexindent lives here: /usr/share/texlive/texmf-dist/scripts/latexindent/
       Wed May 13 00:01:03 2026
       Filename: chapter4.tex
INFO:  Processing switches:
       -s|--silent: Silent mode active (you have used either -s or --silent)
       -w|--overwrite: Overwrite mode active, will make a back up before overwriting
       -y|--yaml: YAML settings specified via command line
INFO:  Directory for backup files and indent.log:
       .
INFO:  YAML settings read: defaultSettings.yaml
       Reading defaultSettings.yaml from /usr/share/texlive/texmf-dist/scripts/latexindent/defaultSettings.yaml
INFO:  YAML reading settings
       Home directory is /home/Chiaki
       latexindent.pl didn't find indentconfig.yaml or .indentconfig.yaml
       see all possible locations: https://latexindentpl.readthedocs.io/en/latest/sec-appendices.html#indentconfig-options)
INFO:  -l switch used without filename, will search for the following files in turn:
       localSettings.yaml,latexindent.yaml,.localSettings.yaml,.latexindent.yaml
INFO:  YAML settings read: -l switch
       Multiple localSettings found, separated by commas:
       localSettings.yaml, latexindent.yaml, .localSettings.yaml, .latexindent.yaml
WARN:  yaml file not found: localSettings.yaml not found. Proceeding without it.
WARN:  yaml file not found: latexindent.yaml not found. Proceeding without it.
WARN:  yaml file not found: .localSettings.yaml not found. Proceeding without it.
WARN:  yaml file not found: .latexindent.yaml not found. Proceeding without it.
INFO:  YAML settings read: -y switch
       YAML setting: backup:0
       Updating mainSettings with backup: 0
INFO:  Backup procedure (-w flag active):
       ./chapter4.bak0 already exists, incrementing by 1... (see maxNumberOfBackUps and onlyOneBackUp)
       ./chapter4.bak1 already exists, incrementing by 1... (see maxNumberOfBackUps and onlyOneBackUp)
       ./chapter4.bak2 already exists, incrementing by 1... (see maxNumberOfBackUps and onlyOneBackUp)
       ./chapter4.bak3 already exists, incrementing by 1... (see maxNumberOfBackUps and onlyOneBackUp)
       ./chapter4.bak4 already exists, incrementing by 1... (see maxNumberOfBackUps and onlyOneBackUp)
       ./chapter4.bak5 already exists, incrementing by 1... (see maxNumberOfBackUps and onlyOneBackUp)
       ./chapter4.bak6 already exists, incrementing by 1... (see maxNumberOfBackUps and onlyOneBackUp)
       ./chapter4.bak7 already exists, incrementing by 1... (see maxNumberOfBackUps and onlyOneBackUp)
       ./chapter4.bak8 already exists, incrementing by 1... (see maxNumberOfBackUps and onlyOneBackUp)
       ./chapter4.bak9 already exists, incrementing by 1... (see maxNumberOfBackUps and onlyOneBackUp)
       ./chapter4.bak10 already exists, incrementing by 1... (see maxNumberOfBackUps and onlyOneBackUp)
       ./chapter4.bak11 already exists, incrementing by 1... (see maxNumberOfBackUps and onlyOneBackUp)
       ./chapter4.bak12 already exists, incrementing by 1... (see maxNumberOfBackUps and onlyOneBackUp)
       ./chapter4.bak13 already exists, incrementing by 1... (see maxNumberOfBackUps and onlyOneBackUp)
       ./chapter4.bak14 already exists, incrementing by 1... (see maxNumberOfBackUps and onlyOneBackUp)
       ./chapter4.bak15 already exists, incrementing by 1... (see maxNumberOfBackUps and onlyOneBackUp)
       ./chapter4.bak16 already exists, incrementing by 1... (see maxNumberOfBackUps and onlyOneBackUp)
       ./chapter4.bak17 already exists, incrementing by 1... (see maxNumberOfBackUps and onlyOneBackUp)
       ./chapter4.bak18 already exists, incrementing by 1... (see maxNumberOfBackUps and onlyOneBackUp)
       ./chapter4.bak19 already exists, incrementing by 1... (see maxNumberOfBackUps and onlyOneBackUp)
       ./chapter4.bak20 already exists, incrementing by 1... (see maxNumberOfBackUps and onlyOneBackUp)
       ./chapter4.bak21 already exists, incrementing by 1... (see maxNumberOfBackUps and onlyOneBackUp)
       ./chapter4.bak22 already exists, incrementing by 1... (see maxNumberOfBackUps and onlyOneBackUp)
       ./chapter4.bak23 already exists, incrementing by 1... (see maxNumberOfBackUps and onlyOneBackUp)
       ./chapter4.bak24 already exists, incrementing by 1... (see maxNumberOfBackUps and onlyOneBackUp)
       ./chapter4.bak25 already exists, incrementing by 1... (see maxNumberOfBackUps and onlyOneBackUp)
       ./chapter4.bak26 already exists, incrementing by 1... (see maxNumberOfBackUps and onlyOneBackUp)
       ./chapter4.bak27 already exists, incrementing by 1... (see maxNumberOfBackUps and onlyOneBackUp)
       ./chapter4.bak28 already exists, incrementing by 1... (see maxNumberOfBackUps and onlyOneBackUp)
       ./chapter4.bak29 already exists, incrementing by 1... (see maxNumberOfBackUps and onlyOneBackUp)
       ./chapter4.bak30 already exists, incrementing by 1... (see maxNumberOfBackUps and onlyOneBackUp)
       ./chapter4.bak31 already exists, incrementing by 1... (see maxNumberOfBackUps and onlyOneBackUp)
       ./chapter4.bak32 already exists, incrementing by 1... (see maxNumberOfBackUps and onlyOneBackUp)
       ./chapter4.bak33 already exists, incrementing by 1... (see maxNumberOfBackUps and onlyOneBackUp)
       ./chapter4.bak34 already exists, incrementing by 1... (see maxNumberOfBackUps and onlyOneBackUp)
       ./chapter4.bak35 already exists, incrementing by 1... (see maxNumberOfBackUps and onlyOneBackUp)
       ./chapter4.bak36 already exists, incrementing by 1... (see maxNumberOfBackUps and onlyOneBackUp)
       ./chapter4.bak37 already exists, incrementing by 1... (see maxNumberOfBackUps and onlyOneBackUp)
       ./chapter4.bak38 already exists, incrementing by 1... (see maxNumberOfBackUps and onlyOneBackUp)
       ./chapter4.bak39 already exists, incrementing by 1... (see maxNumberOfBackUps and onlyOneBackUp)
       ./chapter4.bak40 already exists, incrementing by 1... (see maxNumberOfBackUps and onlyOneBackUp)
       ./chapter4.bak41 already exists, incrementing by 1... (see maxNumberOfBackUps and onlyOneBackUp)
       ./chapter4.bak42 already exists, incrementing by 1... (see maxNumberOfBackUps and onlyOneBackUp)
       ./chapter4.bak43 already exists, incrementing by 1... (see maxNumberOfBackUps and onlyOneBackUp)
       ./chapter4.bak44 already exists, incrementing by 1... (see maxNumberOfBackUps and onlyOneBackUp)
       ./chapter4.bak45 already exists, incrementing by 1... (see maxNumberOfBackUps and onlyOneBackUp)
       ./chapter4.bak46 already exists, incrementing by 1... (see maxNumberOfBackUps and onlyOneBackUp)
       ./chapter4.bak47 already exists, incrementing by 1... (see maxNumberOfBackUps and onlyOneBackUp)
       ./chapter4.bak48 already exists, incrementing by 1... (see maxNumberOfBackUps and onlyOneBackUp)
       ./chapter4.bak49 already exists, incrementing by 1... (see maxNumberOfBackUps and onlyOneBackUp)
       ./chapter4.bak50 already exists, incrementing by 1... (see maxNumberOfBackUps and onlyOneBackUp)
       ./chapter4.bak51 already exists, incrementing by 1... (see maxNumberOfBackUps and onlyOneBackUp)
       ./chapter4.bak52 already exists, incrementing by 1... (see maxNumberOfBackUps and onlyOneBackUp)
       ./chapter4.bak53 already exists, incrementing by 1... (see maxNumberOfBackUps and onlyOneBackUp)
       ./chapter4.bak54 already exists, incrementing by 1... (see maxNumberOfBackUps and onlyOneBackUp)
       ./chapter4.bak55 already exists, incrementing by 1... (see maxNumberOfBackUps and onlyOneBackUp)
       ./chapter4.bak56 already exists, incrementing by 1... (see maxNumberOfBackUps and onlyOneBackUp)
       ./chapter4.bak57 already exists, incrementing by 1... (see maxNumberOfBackUps and onlyOneBackUp)
       ./chapter4.bak58 already exists, incrementing by 1... (see maxNumberOfBackUps and onlyOneBackUp)
       ./chapter4.bak59 already exists, incrementing by 1... (see maxNumberOfBackUps and onlyOneBackUp)
       ./chapter4.bak60 already exists, incrementing by 1... (see maxNumberOfBackUps and onlyOneBackUp)
       ./chapter4.bak61 already exists, incrementing by 1... (see maxNumberOfBackUps and onlyOneBackUp)
       ./chapter4.bak62 already exists, incrementing by 1... (see maxNumberOfBackUps and onlyOneBackUp)
       ./chapter4.bak63 already exists, incrementing by 1... (see maxNumberOfBackUps and onlyOneBackUp)
       ./chapter4.bak64 already exists, incrementing by 1... (see maxNumberOfBackUps and onlyOneBackUp)
       ./chapter4.bak65 already exists, incrementing by 1... (see maxNumberOfBackUps and onlyOneBackUp)
       ./chapter4.bak66 already exists, incrementing by 1... (see maxNumberOfBackUps and onlyOneBackUp)
       ./chapter4.bak67 already exists, incrementing by 1... (see maxNumberOfBackUps and onlyOneBackUp)
       ./chapter4.bak68 already exists, incrementing by 1... (see maxNumberOfBackUps and onlyOneBackUp)
       ./chapter4.bak69 already exists, incrementing by 1... (see maxNumberOfBackUps and onlyOneBackUp)
       ./chapter4.bak70 already exists, incrementing by 1... (see maxNumberOfBackUps and onlyOneBackUp)
       ./chapter4.bak71 already exists, incrementing by 1... (see maxNumberOfBackUps and onlyOneBackUp)
       ./chapter4.bak72 already exists, incrementing by 1... (see maxNumberOfBackUps and onlyOneBackUp)
       ./chapter4.bak73 already exists, incrementing by 1... (see maxNumberOfBackUps and onlyOneBackUp)
       ./chapter4.bak74 already exists, incrementing by 1... (see maxNumberOfBackUps and onlyOneBackUp)
       ./chapter4.bak75 already exists, incrementing by 1... (see maxNumberOfBackUps and onlyOneBackUp)
       ./chapter4.bak76 already exists, incrementing by 1... (see maxNumberOfBackUps and onlyOneBackUp)
       copying chapter4.tex to ./chapter4.bak77
       Backup file: ./chapter4.bak77
       chapter4.tex will be overwritten after indentation
INFO:  Phase 1: searching for objects
INFO:  Phase 2: finding surrounding indentation
INFO:  Phase 3: indenting objects
INFO:  Phase 4: final indentation check
INFO:  Output routine:
       Overwriting file chapter4.tex
       --------------
INFO:  Please direct all communication/issues to:
        https://github.com/cmhughes/latexindent.pl
