INFO:  latexindent version 3.20.1, 2023-01-07, a script to indent .tex files
       latexindent lives here: /usr/share/texlive/texmf-dist/scripts/latexindent/
       Tue May 26 21:27:04 2026
       Filename: chapter6.tex
INFO:  Processing switches:
       -s|--silent: Silent mode active (you have used either -s or --silent)
       -w|--overwrite: Overwrite mode active, will make a back up before overwriting
       -y|--yaml: YAML settings specified via command line
INFO:  Directory for backup files and indent.log:
       .
INFO:  YAML settings read: defaultSettings.yaml
       Reading defaultSettings.yaml from /usr/share/texlive/texmf-dist/scripts/latexindent/defaultSettings.yaml
INFO:  YAML reading settings
       Home directory is /home/Chiaki
       latexindent.pl didn't find indentconfig.yaml or .indentconfig.yaml
       see all possible locations: https://latexindentpl.readthedocs.io/en/latest/sec-appendices.html#indentconfig-options)
INFO:  -l switch used without filename, will search for the following files in turn:
       localSettings.yaml,latexindent.yaml,.localSettings.yaml,.latexindent.yaml
INFO:  YAML settings read: -l switch
       Multiple localSettings found, separated by commas:
       localSettings.yaml, latexindent.yaml, .localSettings.yaml, .latexindent.yaml
WARN:  yaml file not found: localSettings.yaml not found. Proceeding without it.
WARN:  yaml file not found: latexindent.yaml not found. Proceeding without it.
WARN:  yaml file not found: .localSettings.yaml not found. Proceeding without it.
WARN:  yaml file not found: .latexindent.yaml not found. Proceeding without it.
INFO:  YAML settings read: -y switch
       YAML setting: backup:0
       Updating mainSettings with backup: 0
INFO:  Backup procedure (-w flag active):
       ./chapter6.bak0 already exists, incrementing by 1... (see maxNumberOfBackUps and onlyOneBackUp)
       ./chapter6.bak1 already exists, incrementing by 1... (see maxNumberOfBackUps and onlyOneBackUp)
       ./chapter6.bak2 already exists, incrementing by 1... (see maxNumberOfBackUps and onlyOneBackUp)
       ./chapter6.bak3 already exists, incrementing by 1... (see maxNumberOfBackUps and onlyOneBackUp)
       ./chapter6.bak4 already exists, incrementing by 1... (see maxNumberOfBackUps and onlyOneBackUp)
       ./chapter6.bak5 already exists, incrementing by 1... (see maxNumberOfBackUps and onlyOneBackUp)
       ./chapter6.bak6 already exists, incrementing by 1... (see maxNumberOfBackUps and onlyOneBackUp)
       ./chapter6.bak7 already exists, incrementing by 1... (see maxNumberOfBackUps and onlyOneBackUp)
       ./chapter6.bak8 already exists, incrementing by 1... (see maxNumberOfBackUps and onlyOneBackUp)
       ./chapter6.bak9 already exists, incrementing by 1... (see maxNumberOfBackUps and onlyOneBackUp)
       ./chapter6.bak10 already exists, incrementing by 1... (see maxNumberOfBackUps and onlyOneBackUp)
       ./chapter6.bak11 already exists, incrementing by 1... (see maxNumberOfBackUps and onlyOneBackUp)
       ./chapter6.bak12 already exists, incrementing by 1... (see maxNumberOfBackUps and onlyOneBackUp)
       ./chapter6.bak13 already exists, incrementing by 1... (see maxNumberOfBackUps and onlyOneBackUp)
       ./chapter6.bak14 already exists, incrementing by 1... (see maxNumberOfBackUps and onlyOneBackUp)
       ./chapter6.bak15 already exists, incrementing by 1... (see maxNumberOfBackUps and onlyOneBackUp)
       ./chapter6.bak16 already exists, incrementing by 1... (see maxNumberOfBackUps and onlyOneBackUp)
       ./chapter6.bak17 already exists, incrementing by 1... (see maxNumberOfBackUps and onlyOneBackUp)
       ./chapter6.bak18 already exists, incrementing by 1... (see maxNumberOfBackUps and onlyOneBackUp)
       ./chapter6.bak19 already exists, incrementing by 1... (see maxNumberOfBackUps and onlyOneBackUp)
       ./chapter6.bak20 already exists, incrementing by 1... (see maxNumberOfBackUps and onlyOneBackUp)
       ./chapter6.bak21 already exists, incrementing by 1... (see maxNumberOfBackUps and onlyOneBackUp)
       ./chapter6.bak22 already exists, incrementing by 1... (see maxNumberOfBackUps and onlyOneBackUp)
       ./chapter6.bak23 already exists, incrementing by 1... (see maxNumberOfBackUps and onlyOneBackUp)
       ./chapter6.bak24 already exists, incrementing by 1... (see maxNumberOfBackUps and onlyOneBackUp)
       ./chapter6.bak25 already exists, incrementing by 1... (see maxNumberOfBackUps and onlyOneBackUp)
       ./chapter6.bak26 already exists, incrementing by 1... (see maxNumberOfBackUps and onlyOneBackUp)
       ./chapter6.bak27 already exists, incrementing by 1... (see maxNumberOfBackUps and onlyOneBackUp)
       ./chapter6.bak28 already exists, incrementing by 1... (see maxNumberOfBackUps and onlyOneBackUp)
       ./chapter6.bak29 already exists, incrementing by 1... (see maxNumberOfBackUps and onlyOneBackUp)
       ./chapter6.bak30 already exists, incrementing by 1... (see maxNumberOfBackUps and onlyOneBackUp)
       ./chapter6.bak31 already exists, incrementing by 1... (see maxNumberOfBackUps and onlyOneBackUp)
       ./chapter6.bak32 already exists, incrementing by 1... (see maxNumberOfBackUps and onlyOneBackUp)
       ./chapter6.bak33 already exists, incrementing by 1... (see maxNumberOfBackUps and onlyOneBackUp)
       ./chapter6.bak34 already exists, incrementing by 1... (see maxNumberOfBackUps and onlyOneBackUp)
       ./chapter6.bak35 already exists, incrementing by 1... (see maxNumberOfBackUps and onlyOneBackUp)
       ./chapter6.bak36 already exists, incrementing by 1... (see maxNumberOfBackUps and onlyOneBackUp)
       ./chapter6.bak37 already exists, incrementing by 1... (see maxNumberOfBackUps and onlyOneBackUp)
       ./chapter6.bak38 already exists, incrementing by 1... (see maxNumberOfBackUps and onlyOneBackUp)
       ./chapter6.bak39 already exists, incrementing by 1... (see maxNumberOfBackUps and onlyOneBackUp)
       ./chapter6.bak40 already exists, incrementing by 1... (see maxNumberOfBackUps and onlyOneBackUp)
       ./chapter6.bak41 already exists, incrementing by 1... (see maxNumberOfBackUps and onlyOneBackUp)
       ./chapter6.bak42 already exists, incrementing by 1... (see maxNumberOfBackUps and onlyOneBackUp)
       ./chapter6.bak43 already exists, incrementing by 1... (see maxNumberOfBackUps and onlyOneBackUp)
       ./chapter6.bak44 already exists, incrementing by 1... (see maxNumberOfBackUps and onlyOneBackUp)
       ./chapter6.bak45 already exists, incrementing by 1... (see maxNumberOfBackUps and onlyOneBackUp)
       ./chapter6.bak46 already exists, incrementing by 1... (see maxNumberOfBackUps and onlyOneBackUp)
       ./chapter6.bak47 already exists, incrementing by 1... (see maxNumberOfBackUps and onlyOneBackUp)
       ./chapter6.bak48 already exists, incrementing by 1... (see maxNumberOfBackUps and onlyOneBackUp)
       ./chapter6.bak49 already exists, incrementing by 1... (see maxNumberOfBackUps and onlyOneBackUp)
       ./chapter6.bak50 already exists, incrementing by 1... (see maxNumberOfBackUps and onlyOneBackUp)
       ./chapter6.bak51 already exists, incrementing by 1... (see maxNumberOfBackUps and onlyOneBackUp)
       ./chapter6.bak52 already exists, incrementing by 1... (see maxNumberOfBackUps and onlyOneBackUp)
       ./chapter6.bak53 already exists, incrementing by 1... (see maxNumberOfBackUps and onlyOneBackUp)
       ./chapter6.bak54 already exists, incrementing by 1... (see maxNumberOfBackUps and onlyOneBackUp)
       ./chapter6.bak55 already exists, incrementing by 1... (see maxNumberOfBackUps and onlyOneBackUp)
       ./chapter6.bak56 already exists, incrementing by 1... (see maxNumberOfBackUps and onlyOneBackUp)
       ./chapter6.bak57 already exists, incrementing by 1... (see maxNumberOfBackUps and onlyOneBackUp)
       ./chapter6.bak58 already exists, incrementing by 1... (see maxNumberOfBackUps and onlyOneBackUp)
       ./chapter6.bak59 already exists, incrementing by 1... (see maxNumberOfBackUps and onlyOneBackUp)
       ./chapter6.bak60 already exists, incrementing by 1... (see maxNumberOfBackUps and onlyOneBackUp)
       ./chapter6.bak61 already exists, incrementing by 1... (see maxNumberOfBackUps and onlyOneBackUp)
       ./chapter6.bak62 already exists, incrementing by 1... (see maxNumberOfBackUps and onlyOneBackUp)
       ./chapter6.bak63 already exists, incrementing by 1... (see maxNumberOfBackUps and onlyOneBackUp)
       ./chapter6.bak64 already exists, incrementing by 1... (see maxNumberOfBackUps and onlyOneBackUp)
       ./chapter6.bak65 already exists, incrementing by 1... (see maxNumberOfBackUps and onlyOneBackUp)
       ./chapter6.bak66 already exists, incrementing by 1... (see maxNumberOfBackUps and onlyOneBackUp)
       ./chapter6.bak67 already exists, incrementing by 1... (see maxNumberOfBackUps and onlyOneBackUp)
       ./chapter6.bak68 already exists, incrementing by 1... (see maxNumberOfBackUps and onlyOneBackUp)
       ./chapter6.bak69 already exists, incrementing by 1... (see maxNumberOfBackUps and onlyOneBackUp)
       ./chapter6.bak70 already exists, incrementing by 1... (see maxNumberOfBackUps and onlyOneBackUp)
       ./chapter6.bak71 already exists, incrementing by 1... (see maxNumberOfBackUps and onlyOneBackUp)
       ./chapter6.bak72 already exists, incrementing by 1... (see maxNumberOfBackUps and onlyOneBackUp)
       ./chapter6.bak73 already exists, incrementing by 1... (see maxNumberOfBackUps and onlyOneBackUp)
       ./chapter6.bak74 already exists, incrementing by 1... (see maxNumberOfBackUps and onlyOneBackUp)
       ./chapter6.bak75 already exists, incrementing by 1... (see maxNumberOfBackUps and onlyOneBackUp)
       ./chapter6.bak76 already exists, incrementing by 1... (see maxNumberOfBackUps and onlyOneBackUp)
       ./chapter6.bak77 already exists, incrementing by 1... (see maxNumberOfBackUps and onlyOneBackUp)
       ./chapter6.bak78 already exists, incrementing by 1... (see maxNumberOfBackUps and onlyOneBackUp)
       ./chapter6.bak79 already exists, incrementing by 1... (see maxNumberOfBackUps and onlyOneBackUp)
       ./chapter6.bak80 already exists, incrementing by 1... (see maxNumberOfBackUps and onlyOneBackUp)
       ./chapter6.bak81 already exists, incrementing by 1... (see maxNumberOfBackUps and onlyOneBackUp)
       ./chapter6.bak82 already exists, incrementing by 1... (see maxNumberOfBackUps and onlyOneBackUp)
       ./chapter6.bak83 already exists, incrementing by 1... (see maxNumberOfBackUps and onlyOneBackUp)
       ./chapter6.bak84 already exists, incrementing by 1... (see maxNumberOfBackUps and onlyOneBackUp)
       ./chapter6.bak85 already exists, incrementing by 1... (see maxNumberOfBackUps and onlyOneBackUp)
       ./chapter6.bak86 already exists, incrementing by 1... (see maxNumberOfBackUps and onlyOneBackUp)
       ./chapter6.bak87 already exists, incrementing by 1... (see maxNumberOfBackUps and onlyOneBackUp)
       ./chapter6.bak88 already exists, incrementing by 1... (see maxNumberOfBackUps and onlyOneBackUp)
       ./chapter6.bak89 already exists, incrementing by 1... (see maxNumberOfBackUps and onlyOneBackUp)
       ./chapter6.bak90 already exists, incrementing by 1... (see maxNumberOfBackUps and onlyOneBackUp)
       ./chapter6.bak91 already exists, incrementing by 1... (see maxNumberOfBackUps and onlyOneBackUp)
       ./chapter6.bak92 already exists, incrementing by 1... (see maxNumberOfBackUps and onlyOneBackUp)
       ./chapter6.bak93 already exists, incrementing by 1... (see maxNumberOfBackUps and onlyOneBackUp)
       ./chapter6.bak94 already exists, incrementing by 1... (see maxNumberOfBackUps and onlyOneBackUp)
       ./chapter6.bak95 already exists, incrementing by 1... (see maxNumberOfBackUps and onlyOneBackUp)
       ./chapter6.bak96 already exists, incrementing by 1... (see maxNumberOfBackUps and onlyOneBackUp)
       ./chapter6.bak97 already exists, incrementing by 1... (see maxNumberOfBackUps and onlyOneBackUp)
       ./chapter6.bak98 already exists, incrementing by 1... (see maxNumberOfBackUps and onlyOneBackUp)
       ./chapter6.bak99 already exists, incrementing by 1... (see maxNumberOfBackUps and onlyOneBackUp)
       ./chapter6.bak100 already exists, incrementing by 1... (see maxNumberOfBackUps and onlyOneBackUp)
       ./chapter6.bak101 already exists, incrementing by 1... (see maxNumberOfBackUps and onlyOneBackUp)
       ./chapter6.bak102 already exists, incrementing by 1... (see maxNumberOfBackUps and onlyOneBackUp)
       ./chapter6.bak103 already exists, incrementing by 1... (see maxNumberOfBackUps and onlyOneBackUp)
       ./chapter6.bak104 already exists, incrementing by 1... (see maxNumberOfBackUps and onlyOneBackUp)
       ./chapter6.bak105 already exists, incrementing by 1... (see maxNumberOfBackUps and onlyOneBackUp)
       ./chapter6.bak106 already exists, incrementing by 1... (see maxNumberOfBackUps and onlyOneBackUp)
       ./chapter6.bak107 already exists, incrementing by 1... (see maxNumberOfBackUps and onlyOneBackUp)
       ./chapter6.bak108 already exists, incrementing by 1... (see maxNumberOfBackUps and onlyOneBackUp)
       ./chapter6.bak109 already exists, incrementing by 1... (see maxNumberOfBackUps and onlyOneBackUp)
       ./chapter6.bak110 already exists, incrementing by 1... (see maxNumberOfBackUps and onlyOneBackUp)
       ./chapter6.bak111 already exists, incrementing by 1... (see maxNumberOfBackUps and onlyOneBackUp)
       ./chapter6.bak112 already exists, incrementing by 1... (see maxNumberOfBackUps and onlyOneBackUp)
       ./chapter6.bak113 already exists, incrementing by 1... (see maxNumberOfBackUps and onlyOneBackUp)
       ./chapter6.bak114 already exists, incrementing by 1... (see maxNumberOfBackUps and onlyOneBackUp)
       ./chapter6.bak115 already exists, incrementing by 1... (see maxNumberOfBackUps and onlyOneBackUp)
       ./chapter6.bak116 already exists, incrementing by 1... (see maxNumberOfBackUps and onlyOneBackUp)
       ./chapter6.bak117 already exists, incrementing by 1... (see maxNumberOfBackUps and onlyOneBackUp)
       ./chapter6.bak118 already exists, incrementing by 1... (see maxNumberOfBackUps and onlyOneBackUp)
       ./chapter6.bak119 already exists, incrementing by 1... (see maxNumberOfBackUps and onlyOneBackUp)
       ./chapter6.bak120 already exists, incrementing by 1... (see maxNumberOfBackUps and onlyOneBackUp)
       ./chapter6.bak121 already exists, incrementing by 1... (see maxNumberOfBackUps and onlyOneBackUp)
       ./chapter6.bak122 already exists, incrementing by 1... (see maxNumberOfBackUps and onlyOneBackUp)
       ./chapter6.bak123 already exists, incrementing by 1... (see maxNumberOfBackUps and onlyOneBackUp)
       ./chapter6.bak124 already exists, incrementing by 1... (see maxNumberOfBackUps and onlyOneBackUp)
       ./chapter6.bak125 already exists, incrementing by 1... (see maxNumberOfBackUps and onlyOneBackUp)
       ./chapter6.bak126 already exists, incrementing by 1... (see maxNumberOfBackUps and onlyOneBackUp)
       ./chapter6.bak127 already exists, incrementing by 1... (see maxNumberOfBackUps and onlyOneBackUp)
       ./chapter6.bak128 already exists, incrementing by 1... (see maxNumberOfBackUps and onlyOneBackUp)
       ./chapter6.bak129 already exists, incrementing by 1... (see maxNumberOfBackUps and onlyOneBackUp)
       ./chapter6.bak130 already exists, incrementing by 1... (see maxNumberOfBackUps and onlyOneBackUp)
       ./chapter6.bak131 already exists, incrementing by 1... (see maxNumberOfBackUps and onlyOneBackUp)
       ./chapter6.bak132 already exists, incrementing by 1... (see maxNumberOfBackUps and onlyOneBackUp)
       ./chapter6.bak133 already exists, incrementing by 1... (see maxNumberOfBackUps and onlyOneBackUp)
       ./chapter6.bak134 already exists, incrementing by 1... (see maxNumberOfBackUps and onlyOneBackUp)
       ./chapter6.bak135 already exists, incrementing by 1... (see maxNumberOfBackUps and onlyOneBackUp)
       ./chapter6.bak136 already exists, incrementing by 1... (see maxNumberOfBackUps and onlyOneBackUp)
       ./chapter6.bak137 already exists, incrementing by 1... (see maxNumberOfBackUps and onlyOneBackUp)
       ./chapter6.bak138 already exists, incrementing by 1... (see maxNumberOfBackUps and onlyOneBackUp)
       ./chapter6.bak139 already exists, incrementing by 1... (see maxNumberOfBackUps and onlyOneBackUp)
       ./chapter6.bak140 already exists, incrementing by 1... (see maxNumberOfBackUps and onlyOneBackUp)
       ./chapter6.bak141 already exists, incrementing by 1... (see maxNumberOfBackUps and onlyOneBackUp)
       ./chapter6.bak142 already exists, incrementing by 1... (see maxNumberOfBackUps and onlyOneBackUp)
       ./chapter6.bak143 already exists, incrementing by 1... (see maxNumberOfBackUps and onlyOneBackUp)
       ./chapter6.bak144 already exists, incrementing by 1... (see maxNumberOfBackUps and onlyOneBackUp)
       ./chapter6.bak145 already exists, incrementing by 1... (see maxNumberOfBackUps and onlyOneBackUp)
       ./chapter6.bak146 already exists, incrementing by 1... (see maxNumberOfBackUps and onlyOneBackUp)
       ./chapter6.bak147 already exists, incrementing by 1... (see maxNumberOfBackUps and onlyOneBackUp)
       ./chapter6.bak148 already exists, incrementing by 1... (see maxNumberOfBackUps and onlyOneBackUp)
       ./chapter6.bak149 already exists, incrementing by 1... (see maxNumberOfBackUps and onlyOneBackUp)
       ./chapter6.bak150 already exists, incrementing by 1... (see maxNumberOfBackUps and onlyOneBackUp)
       ./chapter6.bak151 already exists, incrementing by 1... (see maxNumberOfBackUps and onlyOneBackUp)
       ./chapter6.bak152 already exists, incrementing by 1... (see maxNumberOfBackUps and onlyOneBackUp)
       ./chapter6.bak153 already exists, incrementing by 1... (see maxNumberOfBackUps and onlyOneBackUp)
       ./chapter6.bak154 already exists, incrementing by 1... (see maxNumberOfBackUps and onlyOneBackUp)
       ./chapter6.bak155 already exists, incrementing by 1... (see maxNumberOfBackUps and onlyOneBackUp)
       ./chapter6.bak156 already exists, incrementing by 1... (see maxNumberOfBackUps and onlyOneBackUp)
       ./chapter6.bak157 already exists, incrementing by 1... (see maxNumberOfBackUps and onlyOneBackUp)
       ./chapter6.bak158 already exists, incrementing by 1... (see maxNumberOfBackUps and onlyOneBackUp)
       ./chapter6.bak159 already exists, incrementing by 1... (see maxNumberOfBackUps and onlyOneBackUp)
       ./chapter6.bak160 already exists, incrementing by 1... (see maxNumberOfBackUps and onlyOneBackUp)
       ./chapter6.bak161 already exists, incrementing by 1... (see maxNumberOfBackUps and onlyOneBackUp)
       ./chapter6.bak162 already exists, incrementing by 1... (see maxNumberOfBackUps and onlyOneBackUp)
       ./chapter6.bak163 already exists, incrementing by 1... (see maxNumberOfBackUps and onlyOneBackUp)
       ./chapter6.bak164 already exists, incrementing by 1... (see maxNumberOfBackUps and onlyOneBackUp)
       ./chapter6.bak165 already exists, incrementing by 1... (see maxNumberOfBackUps and onlyOneBackUp)
       ./chapter6.bak166 already exists, incrementing by 1... (see maxNumberOfBackUps and onlyOneBackUp)
       ./chapter6.bak167 already exists, incrementing by 1... (see maxNumberOfBackUps and onlyOneBackUp)
       ./chapter6.bak168 already exists, incrementing by 1... (see maxNumberOfBackUps and onlyOneBackUp)
       ./chapter6.bak169 already exists, incrementing by 1... (see maxNumberOfBackUps and onlyOneBackUp)
       ./chapter6.bak170 already exists, incrementing by 1... (see maxNumberOfBackUps and onlyOneBackUp)
       ./chapter6.bak171 already exists, incrementing by 1... (see maxNumberOfBackUps and onlyOneBackUp)
       ./chapter6.bak172 already exists, incrementing by 1... (see maxNumberOfBackUps and onlyOneBackUp)
       ./chapter6.bak173 already exists, incrementing by 1... (see maxNumberOfBackUps and onlyOneBackUp)
       ./chapter6.bak174 already exists, incrementing by 1... (see maxNumberOfBackUps and onlyOneBackUp)
       ./chapter6.bak175 already exists, incrementing by 1... (see maxNumberOfBackUps and onlyOneBackUp)
       ./chapter6.bak176 already exists, incrementing by 1... (see maxNumberOfBackUps and onlyOneBackUp)
       ./chapter6.bak177 already exists, incrementing by 1... (see maxNumberOfBackUps and onlyOneBackUp)
       copying chapter6.tex to ./chapter6.bak178
       Backup file: ./chapter6.bak178
       chapter6.tex will be overwritten after indentation
INFO:  Phase 1: searching for objects
INFO:  Phase 2: finding surrounding indentation
INFO:  Phase 3: indenting objects
INFO:  Phase 4: final indentation check
INFO:  Output routine:
       Overwriting file chapter6.tex
       --------------
INFO:  Please direct all communication/issues to:
        https://github.com/cmhughes/latexindent.pl
