This is pdfTeX, Version 3.141592653-2.6-1.40.24 (TeX Live 2022/Debian) (preloaded format=pdflatex 2025.3.3)  24 MAY 2026 10:31
entering extended mode
 restricted \write18 enabled.
 %&-line parsing enabled.
**chapter5.tex
(./chapter5.tex
LaTeX2e <2022-11-01> patch level 1
L3 programming layer <2023-01-16>
! Missing \endcsname inserted.
<to be read again> 
                   \protect 
l.2 \begin
          {document}
The control sequence marked <to be read again> should
not appear between \csname and \endcsname.

! Use of \??? doesn't match its definition.
<argument> \???  
                 ! LaTeX Error: \protect invalid in file name. Lost: \nobrea...
l.2 \begin
          {document}
If you say, e.g., `\def\a1{...}', then you must always
put `1' after `\a', since control sequence names are
made up of letters only. The macro here has not been
followed by the required stuff, so I'm ignoring it.

! Missing \endcsname inserted.
<to be read again> 
                   \protect 
l.2 \begin
          {document}
The control sequence marked <to be read again> should
not appear between \csname and \endcsname.

! Use of \??? doesn't match its definition.
<argument> \???  
                 ! LaTeX Error: \protect invalid in file name. Lost: \nobrea...
l.2 \begin
          {document}
If you say, e.g., `\def\a1{...}', then you must always
put `1' after `\a', since control sequence names are
made up of letters only. The macro here has not been
followed by the required stuff, so I'm ignoring it.

Runaway argument?
\@nil \@pushfilename \xdef \@currname {\string@makeletter \reserved@a \ETC.
! Paragraph ended before \reserved@c was complete.
<to be read again> 
                   \par 
l.105 
      
I suspect you've forgotten a `}', causing me to apply this
control sequence to too much text. How can we recover?
My plan is to forget the whole thing and hope for the best.

(./chapter5.aux)

LaTeX Warning: Label(s) may have changed. Rerun to get cross-references right.

 ) 
Here is how much of TeX's memory you used:
 29 strings out of 476091
 648 string characters out of 5794082
 1849330 words of memory out of 5000000
 20510 multiletter control sequences out of 15000+600000
 512287 words of font info for 32 fonts, out of 8000000 for 9000
 1141 hyphenation exceptions out of 8191
 24i,1n,45p,515b,55s stack positions out of 10000i,1000n,20000p,200000b,200000s

No pages of output.
PDF statistics:
 0 PDF objects out of 1000 (max. 8388607)
 0 named destinations out of 1000 (max. 500000)
 1 words of extra memory for PDF output out of 10000 (max. 10000000)

